Archive member included to satisfy reference by file (symbol)

/opt/tools/bin/../lib/gcc/arm-none-eabi/10.3.1/thumb/v7-m/nofp/libgcc.a(_arm_muldf3.o)
                              obj/Debug/src/xprintf.o (__aeabi_dmul)
/opt/tools/bin/../lib/gcc/arm-none-eabi/10.3.1/thumb/v7-m/nofp/libgcc.a(_arm_mulsf3.o)
                              obj/Debug/src/freertos/rtos-task-do.o (__aeabi_fmul)
/opt/tools/bin/../lib/gcc/arm-none-eabi/10.3.1/thumb/v7-m/nofp/libgcc.a(_arm_addsubdf3.o)
                              obj/Debug/src/xprintf.o (__aeabi_dsub)
/opt/tools/bin/../lib/gcc/arm-none-eabi/10.3.1/thumb/v7-m/nofp/libgcc.a(_arm_muldivdf3.o)
                              obj/Debug/src/xprintf.o (__aeabi_ddiv)
/opt/tools/bin/../lib/gcc/arm-none-eabi/10.3.1/thumb/v7-m/nofp/libgcc.a(_arm_cmpdf2.o)
                              obj/Debug/src/xprintf.o (__aeabi_dcmpeq)
/opt/tools/bin/../lib/gcc/arm-none-eabi/10.3.1/thumb/v7-m/nofp/libgcc.a(_arm_unorddf2.o)
                              obj/Debug/src/xprintf.o (__aeabi_dcmpun)
/opt/tools/bin/../lib/gcc/arm-none-eabi/10.3.1/thumb/v7-m/nofp/libgcc.a(_arm_fixdfsi.o)
                              obj/Debug/src/reg-base.o (__aeabi_d2iz)
/opt/tools/bin/../lib/gcc/arm-none-eabi/10.3.1/thumb/v7-m/nofp/libgcc.a(_arm_fixunsdfsi.o)
                              obj/Debug/src/reg-base.o (__aeabi_d2uiz)
/opt/tools/bin/../lib/gcc/arm-none-eabi/10.3.1/thumb/v7-m/nofp/libgcc.a(_arm_truncdfsf2.o)
                              obj/Debug/src/reg-base.o (__aeabi_d2f)
/opt/tools/bin/../lib/gcc/arm-none-eabi/10.3.1/thumb/v7-m/nofp/libgcc.a(_arm_addsubsf3.o)
                              obj/Debug/src/scale.o (__aeabi_fsub)
/opt/tools/bin/../lib/gcc/arm-none-eabi/10.3.1/thumb/v7-m/nofp/libgcc.a(_arm_muldivsf3.o)
                              obj/Debug/src/freertos/rtos-task-do.o (__aeabi_fdiv)
/opt/tools/bin/../lib/gcc/arm-none-eabi/10.3.1/thumb/v7-m/nofp/libgcc.a(_arm_cmpsf2.o)
                              obj/Debug/src/freertos/rtos-task-do.o (__aeabi_fcmplt)
/opt/tools/bin/../lib/gcc/arm-none-eabi/10.3.1/thumb/v7-m/nofp/libgcc.a(_arm_fixsfsi.o)
                              obj/Debug/src/reg-base.o (__aeabi_f2iz)
/opt/tools/bin/../lib/gcc/arm-none-eabi/10.3.1/thumb/v7-m/nofp/libgcc.a(_arm_fixunssfsi.o)
                              obj/Debug/src/freertos/rtos-task-do.o (__aeabi_f2uiz)
/opt/tools/bin/../lib/gcc/arm-none-eabi/10.3.1/thumb/v7-m/nofp/libgcc.a(_aeabi_uldivmod.o)
                              obj/Debug/src/beremiz/app.o (__aeabi_uldivmod)
/opt/tools/bin/../lib/gcc/arm-none-eabi/10.3.1/thumb/v7-m/nofp/libgcc.a(_fixsfdi.o)
                              obj/Debug/src/reg-base.o (__aeabi_f2lz)
/opt/tools/bin/../lib/gcc/arm-none-eabi/10.3.1/thumb/v7-m/nofp/libgcc.a(_fixdfdi.o)
                              obj/Debug/src/reg-base.o (__aeabi_d2lz)
/opt/tools/bin/../lib/gcc/arm-none-eabi/10.3.1/thumb/v7-m/nofp/libgcc.a(_fixunssfdi.o)
                              obj/Debug/src/freertos/rtos-task-do.o (__aeabi_f2ulz)
/opt/tools/bin/../lib/gcc/arm-none-eabi/10.3.1/thumb/v7-m/nofp/libgcc.a(_fixunsdfdi.o)
                              obj/Debug/src/reg-base.o (__aeabi_d2ulz)
/opt/tools/bin/../lib/gcc/arm-none-eabi/10.3.1/thumb/v7-m/nofp/libgcc.a(_udivmoddi4.o)
                              /opt/tools/bin/../lib/gcc/arm-none-eabi/10.3.1/thumb/v7-m/nofp/libgcc.a(_aeabi_uldivmod.o) (__udivmoddi4)
/opt/tools/bin/../lib/gcc/arm-none-eabi/10.3.1/thumb/v7-m/nofp/libgcc.a(unwind-arm.o)
                              obj/Debug/system/stm32f1/src/newlib/_cxx.o (__aeabi_unwind_cpp_pr1)
/opt/tools/bin/../lib/gcc/arm-none-eabi/10.3.1/thumb/v7-m/nofp/libgcc.a(libunwind.o)
                              /opt/tools/bin/../lib/gcc/arm-none-eabi/10.3.1/thumb/v7-m/nofp/libgcc.a(unwind-arm.o) (restore_core_regs)
/opt/tools/bin/../lib/gcc/arm-none-eabi/10.3.1/thumb/v7-m/nofp/libgcc.a(pr-support.o)
                              /opt/tools/bin/../lib/gcc/arm-none-eabi/10.3.1/thumb/v7-m/nofp/libgcc.a(unwind-arm.o) (__gnu_unwind_execute)
/opt/tools/bin/../lib/gcc/arm-none-eabi/10.3.1/thumb/v7-m/nofp/libgcc.a(_dvmd_tls.o)
                              /opt/tools/bin/../lib/gcc/arm-none-eabi/10.3.1/thumb/v7-m/nofp/libgcc.a(_aeabi_uldivmod.o) (__aeabi_ldiv0)
/opt/tools/bin/../lib/gcc/arm-none-eabi/10.3.1/../../../../arm-none-eabi/lib/thumb/v7-m/nofp/libc.a(lib_a-errno.o)
                              obj/Debug/system/stm32f1/src/newlib/_sbrk.o (__errno)
/opt/tools/bin/../lib/gcc/arm-none-eabi/10.3.1/../../../../arm-none-eabi/lib/thumb/v7-m/nofp/libc.a(lib_a-impure.o)
                              /opt/tools/bin/../lib/gcc/arm-none-eabi/10.3.1/../../../../arm-none-eabi/lib/thumb/v7-m/nofp/libc.a(lib_a-errno.o) (_impure_ptr)
/opt/tools/bin/../lib/gcc/arm-none-eabi/10.3.1/../../../../arm-none-eabi/lib/thumb/v7-m/nofp/libc.a(lib_a-memcpy.o)
                              obj/Debug/system/freertos/src/queue.o (memcpy)
[...]
Memory Configuration

Name             Origin             Length             Attributes
RAM              0x0000000020000000 0x000000000000c000 xrw
RAM_APP          0x000000002000c000 0x0000000000004000 xrw
CCMRAM           0x0000000000000000 0x0000000000000000 xrw
FLASH            0x0000000008000000 0x0000000000020000 xr
FLASH_APP        0x0000000008020000 0x0000000000020000 xr
FLASHB1          0x0000000000000000 0x0000000000000000 xr
EXTMEMB0         0x0000000000000000 0x0000000000000000 xr
EXTMEMB1         0x0000000000000000 0x0000000000000000 xr
EXTMEMB2         0x0000000000000000 0x0000000000000000 xr
EXTMEMB3         0x0000000000000000 0x0000000000000000 xr
MEMORY_ARRAY     0x0000000000000000 0x0000000000000000 xrw
*default*        0x0000000000000000 0xffffffffffffffff

Linker script and memory map

LOAD obj/Debug/src/beremiz/app-di.o
LOAD obj/Debug/src/beremiz/app-do.o
LOAD obj/Debug/src/beremiz/app-sys.o
LOAD obj/Debug/src/beremiz/app.o
LOAD obj/Debug/src/freertos/rtos-error.o
LOAD obj/Debug/src/freertos/rtos-task-app.o
LOAD obj/Debug/src/freertos/rtos-task-data.o
LOAD obj/Debug/src/freertos/rtos-task-di.o
LOAD obj/Debug/src/freertos/rtos-task-do.o
LOAD obj/Debug/src/freertos/rtos-task-log.o
LOAD obj/Debug/src/freertos/rtos-task-mbrtu.o
LOAD obj/Debug/src/freertos/rtos-tim-app.o
LOAD obj/Debug/src/freertos/rtos.o
LOAD obj/Debug/src/main.o
LOAD obj/Debug/src/mbrtu.o
LOAD obj/Debug/src/reg-base.o
LOAD obj/Debug/src/reg.o
LOAD obj/Debug/src/scale.o
LOAD obj/Debug/src/stm32f1/di.o
LOAD obj/Debug/src/stm32f1/do.o
LOAD obj/Debug/src/stm32f1/soft-reset.o
LOAD obj/Debug/src/stm32f1/swd-debug.o
LOAD obj/Debug/src/stm32f1/sysclock.o
LOAD obj/Debug/src/stm32f1/systick.o
LOAD obj/Debug/src/stm32f1/tim2.o
LOAD obj/Debug/src/stm32f1/tim3.o
LOAD obj/Debug/src/stm32f1/usart.o
LOAD obj/Debug/src/stm32f1/usart1.o
LOAD obj/Debug/src/stm32f1/usart2.o
LOAD obj/Debug/src/stm32f1/usart3.o
LOAD obj/Debug/src/type.o
LOAD obj/Debug/src/xprintf.o
LOAD obj/Debug/system/beremiz/src/plc_app.o
LOAD obj/Debug/system/beremiz/src/plc_backup.o
LOAD obj/Debug/system/beremiz/src/plc_debug.o
LOAD obj/Debug/system/beremiz/src/plc_glue_rte.o
LOAD obj/Debug/system/beremiz/src/plc_rtc.o
LOAD obj/Debug/system/beremiz/src/plc_tick.o
LOAD obj/Debug/system/freertos/src/croutine.o
LOAD obj/Debug/system/freertos/src/event_groups.o
LOAD obj/Debug/system/freertos/src/heap_1.o
LOAD obj/Debug/system/freertos/src/list.o
LOAD obj/Debug/system/freertos/src/port.o
LOAD obj/Debug/system/freertos/src/queue.o
LOAD obj/Debug/system/freertos/src/stream_buffer.o
LOAD obj/Debug/system/freertos/src/tasks.o
LOAD obj/Debug/system/freertos/src/timers.o
LOAD obj/Debug/system/stm32f1/src/cmsis/system_stm32f10x.o
LOAD obj/Debug/system/stm32f1/src/cmsis/vectors_stm32f10x.o
LOAD obj/Debug/system/stm32f1/src/cortexm/_initialize_hardware.o
LOAD obj/Debug/system/stm32f1/src/cortexm/_reset_hardware.o
LOAD obj/Debug/system/stm32f1/src/cortexm/exception_handlers.o
LOAD obj/Debug/system/stm32f1/src/diag/Trace.o
LOAD obj/Debug/system/stm32f1/src/diag/trace_impl.o
LOAD obj/Debug/system/stm32f1/src/newlib/_cxx.o
LOAD obj/Debug/system/stm32f1/src/newlib/_exit.o
LOAD obj/Debug/system/stm32f1/src/newlib/_sbrk.o
LOAD obj/Debug/system/stm32f1/src/newlib/_startup.o
LOAD obj/Debug/system/stm32f1/src/newlib/_syscalls.o
LOAD obj/Debug/system/stm32f1/src/newlib/_write.o
LOAD obj/Debug/system/stm32f1/src/newlib/assert.o
LOAD obj/Debug/system/stm32f1/src/stm32f1-stdperiph/misc.o
LOAD obj/Debug/system/stm32f1/src/stm32f1-stdperiph/stm32f10x_adc.o
LOAD obj/Debug/system/stm32f1/src/stm32f1-stdperiph/stm32f10x_dac.o
LOAD obj/Debug/system/stm32f1/src/stm32f1-stdperiph/stm32f10x_dma.o
LOAD obj/Debug/system/stm32f1/src/stm32f1-stdperiph/stm32f10x_exti.o
LOAD obj/Debug/system/stm32f1/src/stm32f1-stdperiph/stm32f10x_flash.o
LOAD obj/Debug/system/stm32f1/src/stm32f1-stdperiph/stm32f10x_gpio.o
LOAD obj/Debug/system/stm32f1/src/stm32f1-stdperiph/stm32f10x_i2c.o
LOAD obj/Debug/system/stm32f1/src/stm32f1-stdperiph/stm32f10x_rcc.o
LOAD obj/Debug/system/stm32f1/src/stm32f1-stdperiph/stm32f10x_sdio.o
LOAD obj/Debug/system/stm32f1/src/stm32f1-stdperiph/stm32f10x_spi.o
LOAD obj/Debug/system/stm32f1/src/stm32f1-stdperiph/stm32f10x_tim.o
LOAD obj/Debug/system/stm32f1/src/stm32f1-stdperiph/stm32f10x_usart.o
LOAD /opt/tools/bin/../lib/gcc/arm-none-eabi/10.3.1/thumb/v7-m/nofp/libgcc.a
LOAD /opt/tools/bin/../lib/gcc/arm-none-eabi/10.3.1/../../../../arm-none-eabi/lib/thumb/v7-m/nofp/libstdc++.a
LOAD /opt/tools/bin/../lib/gcc/arm-none-eabi/10.3.1/../../../../arm-none-eabi/lib/thumb/v7-m/nofp/libm.a
START GROUP
LOAD /opt/tools/bin/../lib/gcc/arm-none-eabi/10.3.1/thumb/v7-m/nofp/libgcc.a
LOAD /opt/tools/bin/../lib/gcc/arm-none-eabi/10.3.1/../../../../arm-none-eabi/lib/thumb/v7-m/nofp/libc.a
END GROUP
                0x0000000020010000                PROVIDE (_stack = (ORIGIN (RAM_APP) + LENGTH (RAM_APP)))
                0x0000000008020000                PROVIDE (_app_start = ORIGIN (FLASH_APP))
                0x0000000008040000                PROVIDE (_app_end = (_app_start + LENGTH (FLASH_APP)))
                0x0000000020010000                __stack = (ORIGIN (RAM_APP) + LENGTH (RAM_APP))
                0x0000000020010000                _estack = __stack
                0x0000000000001000                __Main_Stack_Size = 0x1000
                [!provide]                        PROVIDE (_Main_Stack_Size = __Main_Stack_Size)
                0x000000002000f000                __Main_Stack_Limit = (__stack - __Main_Stack_Size)
                [!provide]                        PROVIDE (_Main_Stack_Limit = __Main_Stack_Limit)
                0x0000000000000100                _Minimum_Stack_Size = 0x100
                0x000000002000b56c                PROVIDE (_Heap_Begin = _end_noinit)
                0x000000002000f000                PROVIDE (_Heap_Limit = (__stack - __Main_Stack_Size))

.isr_vector     0x0000000008000000      0x36c
 FILL mask 0xff
                0x0000000008000000                __vectors_start = ABSOLUTE (.)
                0x0000000008000000                __vectors_start__ = ABSOLUTE (.)
 *(.isr_vector)
 .isr_vector    0x0000000008000000      0x1e4 obj/Debug/system/stm32f1/src/cmsis/vectors_stm32f10x.o
                0x0000000008000000                __isr_vectors
 *(.cfmconfig)
 *(.after_vectors .after_vectors.*)
 .after_vectors
                0x00000000080001e4        0x4 obj/Debug/system/stm32f1/src/cmsis/vectors_stm32f10x.o
                0x00000000080001e4                EXTI2_IRQHandler
                0x00000000080001e4                TIM8_TRG_COM_IRQHandler
                0x00000000080001e4                TIM8_CC_IRQHandler
                0x00000000080001e4                TIM1_CC_IRQHandler
                0x00000000080001e4                TIM6_IRQHandler
                0x00000000080001e4                PVD_IRQHandler
                0x00000000080001e4                SDIO_IRQHandler
                0x00000000080001e4                CAN2_RX1_IRQHandler
                0x00000000080001e4                EXTI3_IRQHandler
                0x00000000080001e4                TIM8_TRG_COM_TIM14_IRQHandler
                0x00000000080001e4                TIM1_UP_TIM10_IRQHandler
                0x00000000080001e4                TIM8_UP_TIM13_IRQHandler
                0x00000000080001e4                EXTI0_IRQHandler
                0x00000000080001e4                I2C2_EV_IRQHandler
                0x00000000080001e4                CAN1_RX0_IRQHandler
                0x00000000080001e4                TIM1_UP_TIM16_IRQHandler
                0x00000000080001e4                CAN2_SCE_IRQHandler
                0x00000000080001e4                ADC1_2_IRQHandler
                0x00000000080001e4                SPI1_IRQHandler
                0x00000000080001e4                TAMPER_IRQHandler
                0x00000000080001e4                TIM6_DAC_IRQHandler
                0x00000000080001e4                TIM1_BRK_TIM9_IRQHandler
                0x00000000080001e4                CAN2_RX0_IRQHandler
                0x00000000080001e4                TIM8_UP_IRQHandler
                0x00000000080001e4                DMA2_Channel2_IRQHandler
                0x00000000080001e4                DMA1_Channel4_IRQHandler
                0x00000000080001e4                USART3_IRQHandler
                0x00000000080001e4                RTC_IRQHandler
                0x00000000080001e4                DMA1_Channel7_IRQHandler
                0x00000000080001e4                CAN1_RX1_IRQHandler
                0x00000000080001e4                UART5_IRQHandler
                0x00000000080001e4                ADC3_IRQHandler
                0x00000000080001e4                TIM4_IRQHandler
                0x00000000080001e4                DMA2_Channel1_IRQHandler
                0x00000000080001e4                I2C1_EV_IRQHandler
                0x00000000080001e4                DMA1_Channel6_IRQHandler
                0x00000000080001e4                UART4_IRQHandler
                0x00000000080001e4                DMA2_Channel4_IRQHandler
                0x00000000080001e4                RCC_IRQHandler
                0x00000000080001e4                TIM8_BRK_TIM12_IRQHandler
                0x00000000080001e4                TIM1_TRG_COM_IRQHandler
                0x00000000080001e4                DMA1_Channel1_IRQHandler
                0x00000000080001e4                Default_Handler
                0x00000000080001e4                CEC_IRQHandler
                0x00000000080001e4                TIM14_IRQHandler
                0x00000000080001e4                TIM13_IRQHandler
                0x00000000080001e4                TIM12_IRQHandler
                0x00000000080001e4                TIM7_IRQHandler
                0x00000000080001e4                CAN2_TX_IRQHandler
                0x00000000080001e4                TIM5_IRQHandler
                0x00000000080001e4                ETH_WKUP_IRQHandler
                0x00000000080001e4                SPI2_IRQHandler
                0x00000000080001e4                CAN1_TX_IRQHandler
                0x00000000080001e4                DMA2_Channel5_IRQHandler
                0x00000000080001e4                DMA1_Channel5_IRQHandler
                0x00000000080001e4                EXTI4_IRQHandler
                0x00000000080001e4                USB_LP_CAN1_RX0_IRQHandler
                0x00000000080001e4                TIM1_TRG_COM_TIM17_IRQHandler
                0x00000000080001e4                USB_HP_CAN1_TX_IRQHandler
                0x00000000080001e4                DMA1_Channel3_IRQHandler
                0x00000000080001e4                FSMC_IRQHandler
                0x00000000080001e4                ETH_IRQHandler
                0x00000000080001e4                TIM1_UP_IRQHandler
                0x00000000080001e4                WWDG_IRQHandler
                0x00000000080001e4                OTG_FS_WKUP_IRQHandler
                0x00000000080001e4                TIM1_TRG_COM_TIM11_IRQHandler
                0x00000000080001e4                TIM1_BRK_IRQHandler
                0x00000000080001e4                EXTI1_IRQHandler
                0x00000000080001e4                RTCAlarm_IRQHandler
                0x00000000080001e4                DMA2_Channel4_5_IRQHandler
                0x00000000080001e4                I2C2_ER_IRQHandler
                0x00000000080001e4                DMA1_Channel2_IRQHandler
                0x00000000080001e4                TIM8_BRK_IRQHandler
                0x00000000080001e4                CAN1_SCE_IRQHandler
                0x00000000080001e4                FLASH_IRQHandler
                0x00000000080001e4                OTG_FS_IRQHandler
                0x00000000080001e4                SPI3_IRQHandler
                0x00000000080001e4                I2C1_ER_IRQHandler
                0x00000000080001e4                USBWakeUp_IRQHandler
                0x00000000080001e4                DMA2_Channel3_IRQHandler
                0x00000000080001e4                TIM1_BRK_TIM15_IRQHandler
 .after_vectors
                0x00000000080001e8       0x70 obj/Debug/system/stm32f1/src/cortexm/exception_handlers.o
                0x00000000080001e8                Reset_Handler
                0x00000000080001ee                NMI_Handler
                0x00000000080001f2                HardFault_Handler
                0x0000000008000206                HardFault_Handler_C
                0x000000000800020a                MemManage_Handler
                0x000000000800020e                BusFault_Handler
                0x0000000008000222                BusFault_Handler_C
                0x0000000008000226                UsageFault_Handler
                0x000000000800023a                UsageFault_Handler_C
                0x0000000008000242                DebugMon_Handler
 .after_vectors
                0x0000000008000258      0x114 obj/Debug/system/stm32f1/src/newlib/_startup.o
                0x0000000008000258                _start

.inits          0x000000000800036c       0x28
                0x000000000800036c                __data_regions_array_start = .
                0x000000000800036c        0x4 LONG 0x800b4b0 LOADADDR (.data)
                0x0000000008000370        0x4 LONG 0x20000000 ADDR (.data)
                0x0000000008000374        0x4 LONG 0x20000080 (ADDR (.data) + SIZEOF (.data))
                0x0000000008000378        0x4 LONG 0x800b4b0 LOADADDR (.data_CCMRAM)
                0x000000000800037c        0x4 LONG 0x0 ADDR (.data_CCMRAM)
                0x0000000008000380        0x4 LONG 0x0 (ADDR (.data_CCMRAM) + SIZEOF (.data_CCMRAM))
                0x0000000008000384                __data_regions_array_end = .
                0x0000000008000384                __bss_regions_array_start = .
                0x0000000008000384        0x4 LONG 0x20000080 ADDR (.bss)
                0x0000000008000388        0x4 LONG 0x2000b56c (ADDR (.bss) + SIZEOF (.bss))
                0x000000000800038c        0x4 LONG 0x0 ADDR (.bss_CCMRAM)
                0x0000000008000390        0x4 LONG 0x0 (ADDR (.bss_CCMRAM) + SIZEOF (.bss_CCMRAM))
                0x0000000008000394                __bss_regions_array_end = .
 *(.init)
 *(.fini)
                0x0000000008000394                . = ALIGN (0x4)
                0x0000000008000394                PROVIDE (__preinit_array_start = .)
 *(.preinit_array_sysinit .preinit_array_sysinit.*)
 *(.preinit_array_platform .preinit_array_platform.*)
 *(.preinit_array .preinit_array.*)
                0x0000000008000394                PROVIDE (__preinit_array_end = .)
                0x0000000008000394                . = ALIGN (0x4)
                0x0000000008000394                PROVIDE (__init_array_start = .)
 *(SORT_BY_NAME(.init_array.*))
 *(.init_array)
                0x0000000008000394                PROVIDE (__init_array_end = .)
                0x0000000008000394                . = ALIGN (0x4)
                0x0000000008000394                PROVIDE (__fini_array_start = .)
 *(SORT_BY_NAME(.fini_array.*))
 *(.fini_array)
                0x0000000008000394                PROVIDE (__fini_array_end = .)

.flashtext
 *(.flashtext .flashtext.*)

.text           0x00000000080003a0     0xb107
 *(.text .text.*)
 .text.PlcApp_DIMode
                0x00000000080003a0       0x9c obj/Debug/src/beremiz/app-di.o
                0x00000000080003a0                PlcApp_DIMode
 .text.PlcApp_DIVal
                0x000000000800043c       0x70 obj/Debug/src/beremiz/app-di.o
                0x000000000800043c                PlcApp_DIVal
 .text.PlcApp_DICntT
                0x00000000080004ac       0xac obj/Debug/src/beremiz/app-di.o
                0x00000000080004ac                PlcApp_DICntT
 .text.PlcApp_DICnt
                0x0000000008000558       0xac obj/Debug/src/beremiz/app-di.o
                0x0000000008000558                PlcApp_DICnt
 .text.PlcApp_DICntRst
                0x0000000008000604       0x78 obj/Debug/src/beremiz/app-di.o
                0x0000000008000604                PlcApp_DICntRst
 .text.PlcApp_DIEnc
                0x000000000800067c      0x13c obj/Debug/src/beremiz/app-di.o
                0x000000000800067c                PlcApp_DIEnc
 .text.PlcApp_DOMode
                0x00000000080007b8       0x74 obj/Debug/src/beremiz/app-do.o
                0x00000000080007b8                PlcApp_DOMode
 .text.PlcApp_DOVal
                0x000000000800082c       0xb0 obj/Debug/src/beremiz/app-do.o
                0x000000000800082c                PlcApp_DOVal
 .text.PlcApp_DOFast
                0x00000000080008dc       0x84 obj/Debug/src/beremiz/app-do.o
                0x00000000080008dc                PlcApp_DOFast
 .text.PlcApp_DOPwm
                0x0000000008000960       0xa8 obj/Debug/src/beremiz/app-do.o
                0x0000000008000960                PlcApp_DOPwm
 .text.PlcApp_DOSafe
                0x0000000008000a08       0x78 obj/Debug/src/beremiz/app-do.o
                0x0000000008000a08                PlcApp_DOSafe
 .text.PlcApp_SoftwareReset
                0x0000000008000a80        0xc obj/Debug/src/beremiz/app-sys.o
                0x0000000008000a80                PlcApp_SoftwareReset
 .text.PlcApp_GetTime
                0x0000000008000a8c       0x38 obj/Debug/src/beremiz/app.o
                0x0000000008000a8c                PlcApp_GetTime
 .text.PlcApp_InitFuncs
                0x0000000008000ac4       0x98 obj/Debug/src/beremiz/app.o
                0x0000000008000ac4                PlcApp_InitFuncs
 .text.RTOS_Error
                0x0000000008000b5c       0xbc obj/Debug/src/freertos/rtos-error.o
                0x0000000008000b5c                RTOS_Error
 .text.RTOS_TaskApp_InitTimApp
                0x0000000008000c18       0x50 obj/Debug/src/freertos/rtos-task-app.o
                0x0000000008000c18                RTOS_TaskApp_InitTimApp
 .text.RTOS_TaskApp
                0x0000000008000c68      0x110 obj/Debug/src/freertos/rtos-task-app.o
                0x0000000008000c68                RTOS_TaskApp
 .text.RTOS_TimApp
                0x0000000008000d78       0x18 obj/Debug/src/freertos/rtos-task-app.o
                0x0000000008000d78                RTOS_TimApp
 .text.RTOS_TaskData_DiSet
                0x0000000008000d90       0x5c obj/Debug/src/freertos/rtos-task-data.o
                0x0000000008000d90                RTOS_TaskData_DiSet
 .text.RTOS_TaskData_Di
                0x0000000008000dec      0x1be obj/Debug/src/freertos/rtos-task-data.o
                0x0000000008000dec                RTOS_TaskData_Di
 *fill*         0x0000000008000faa        0x2 
 .text.RTOS_TaskData_DoSetInt
                0x0000000008000fac       0x60 obj/Debug/src/freertos/rtos-task-data.o
                0x0000000008000fac                RTOS_TaskData_DoSetInt
 .text.RTOS_TaskData_DoSetReal
                0x000000000800100c       0x5c obj/Debug/src/freertos/rtos-task-data.o
                0x000000000800100c                RTOS_TaskData_DoSetReal
 .text.RTOS_TaskData_RegMonitor
                0x0000000008001068       0xa6 obj/Debug/src/freertos/rtos-task-data.o
                0x0000000008001068                RTOS_TaskData_RegMonitor
 *fill*         0x000000000800110e        0x2 
 .text.RTOS_TaskData
                0x0000000008001110       0xb8 obj/Debug/src/freertos/rtos-task-data.o
                0x0000000008001110                RTOS_TaskData
 .text.RTOS_TimDiTach_Start
                0x00000000080011c8       0x34 obj/Debug/src/freertos/rtos-task-di.o
                0x00000000080011c8                RTOS_TimDiTach_Start
 .text.RTOS_TimDiTach_Stop
                0x00000000080011fc       0x30 obj/Debug/src/freertos/rtos-task-di.o
                0x00000000080011fc                RTOS_TimDiTach_Stop
 .text.RTOS_TaskDI_RefreshTach
                0x000000000800122c       0x34 obj/Debug/src/freertos/rtos-task-di.o
                0x000000000800122c                RTOS_TaskDI_RefreshTach
 .text.RTOS_TaskDI_TachSetpoint
                0x0000000008001260       0x50 obj/Debug/src/freertos/rtos-task-di.o
                0x0000000008001260                RTOS_TaskDI_TachSetpoint
 .text.RTOS_TaskDI_TachReset
                0x00000000080012b0       0x24 obj/Debug/src/freertos/rtos-task-di.o
                0x00000000080012b0                RTOS_TaskDI_TachReset
 .text.RTOS_TaskDI_TachCntr
                0x00000000080012d4       0x34 obj/Debug/src/freertos/rtos-task-di.o
                0x00000000080012d4                RTOS_TaskDI_TachCntr
 .text.RTOS_TaskDI_CntrSetpoint
                0x0000000008001308       0x54 obj/Debug/src/freertos/rtos-task-di.o
                0x0000000008001308                RTOS_TaskDI_CntrSetpoint
 .text.RTOS_TaskDI_CntrReset
                0x000000000800135c       0x24 obj/Debug/src/freertos/rtos-task-di.o
                0x000000000800135c                RTOS_TaskDI_CntrReset
 .text.RTOS_TaskDI_Cntr
                0x0000000008001380       0x4c obj/Debug/src/freertos/rtos-task-di.o
                0x0000000008001380                RTOS_TaskDI_Cntr
 .text.RTOS_TaskDI_Inc1
                0x00000000080013cc       0x3c obj/Debug/src/freertos/rtos-task-di.o
                0x00000000080013cc                RTOS_TaskDI_Inc1
 .text.RTOS_TaskDI_Inc2
                0x0000000008001408       0x40 obj/Debug/src/freertos/rtos-task-di.o
                0x0000000008001408                RTOS_TaskDI_Inc2
 .text.RTOS_TaskDI_TestPair
                0x0000000008001448       0x30 obj/Debug/src/freertos/rtos-task-di.o
                0x0000000008001448                RTOS_TaskDI_TestPair
 .text.RTOS_TaskDI_SetTachSetpoint
                0x0000000008001478       0x38 obj/Debug/src/freertos/rtos-task-di.o
                0x0000000008001478                RTOS_TaskDI_SetTachSetpoint
 .text.RTOS_TaskDI_SetCntrSetpoint
                0x00000000080014b0       0x38 obj/Debug/src/freertos/rtos-task-di.o
                0x00000000080014b0                RTOS_TaskDI_SetCntrSetpoint
 .text.RTOS_TaskDI_SetReset
                0x00000000080014e8       0xa0 obj/Debug/src/freertos/rtos-task-di.o
                0x00000000080014e8                RTOS_TaskDI_SetReset
 .text.RTOS_TaskDI_SetMode
                0x0000000008001588       0xf8 obj/Debug/src/freertos/rtos-task-di.o
                0x0000000008001588                RTOS_TaskDI_SetMode
 .text.RTOS_TaskDI_Set
                0x0000000008001680      0x16c obj/Debug/src/freertos/rtos-task-di.o
                0x0000000008001680                RTOS_TaskDI_Set
 .text.RTOS_TaskDI_IRQ
                0x00000000080017ec      0x110 obj/Debug/src/freertos/rtos-task-di.o
                0x00000000080017ec                RTOS_TaskDI_IRQ
 .text.RTOS_TaskDI_Init
                0x00000000080018fc      0x148 obj/Debug/src/freertos/rtos-task-di.o
                0x00000000080018fc                RTOS_TaskDI_Init
 .text.RTOS_TimDiTach
                0x0000000008001a44       0xa0 obj/Debug/src/freertos/rtos-task-di.o
                0x0000000008001a44                RTOS_TimDiTach
 .text.RTOS_TaskDO_CalcPwmLen1
                0x0000000008001ae4       0x38 obj/Debug/src/freertos/rtos-task-do.o
                0x0000000008001ae4                RTOS_TaskDO_CalcPwmLen1
 .text.RTOS_TaskDO_RefreshPwm
                0x0000000008001b1c       0x40 obj/Debug/src/freertos/rtos-task-do.o
                0x0000000008001b1c                RTOS_TaskDO_RefreshPwm
 .text.RTOS_TaskDO_SetVal
                0x0000000008001b5c       0x28 obj/Debug/src/freertos/rtos-task-do.o
                0x0000000008001b5c                RTOS_TaskDO_SetVal
 .text.RTOS_TaskDO_SetNormVal
                0x0000000008001b84       0x44 obj/Debug/src/freertos/rtos-task-do.o
                0x0000000008001b84                RTOS_TaskDO_SetNormVal
 .text.RTOS_TaskDO_SetPostponedVal
                0x0000000008001bc8       0x2c obj/Debug/src/freertos/rtos-task-do.o
                0x0000000008001bc8                RTOS_TaskDO_SetPostponedVal
 .text.RTOS_TaskDO_SetPostponedApply
                0x0000000008001bf4       0x5c obj/Debug/src/freertos/rtos-task-do.o
                0x0000000008001bf4                RTOS_TaskDO_SetPostponedApply
 .text.RTOS_TaskDO_SetFastVal
                0x0000000008001c50       0x44 obj/Debug/src/freertos/rtos-task-do.o
                0x0000000008001c50                RTOS_TaskDO_SetFastVal
 .text.RTOS_TaskDO_SetPwmFillFactor
                0x0000000008001c94       0xb0 obj/Debug/src/freertos/rtos-task-do.o
                0x0000000008001c94                RTOS_TaskDO_SetPwmFillFactor
 .text.RTOS_TaskDO_SetPwmPeriod
                0x0000000008001d44       0x88 obj/Debug/src/freertos/rtos-task-do.o
                0x0000000008001d44                RTOS_TaskDO_SetPwmPeriod
 .text.RTOS_TaskDO_SetPwmAllow
                0x0000000008001dcc       0x2c obj/Debug/src/freertos/rtos-task-do.o
                0x0000000008001dcc                RTOS_TaskDO_SetPwmAllow
 .text.RTOS_TaskDO_SetMode
                0x0000000008001df8       0xa4 obj/Debug/src/freertos/rtos-task-do.o
                0x0000000008001df8                RTOS_TaskDO_SetMode
 .text.RTOS_TaskDO_SetSafeAllow
                0x0000000008001e9c       0x38 obj/Debug/src/freertos/rtos-task-do.o
                0x0000000008001e9c                RTOS_TaskDO_SetSafeAllow
 .text.RTOS_TaskDO_SetSafeVal
                0x0000000008001ed4       0x38 obj/Debug/src/freertos/rtos-task-do.o
                0x0000000008001ed4                RTOS_TaskDO_SetSafeVal
 .text.RTOS_TaskDO_Set
                0x0000000008001f0c       0xbe obj/Debug/src/freertos/rtos-task-do.o
                0x0000000008001f0c                RTOS_TaskDO_Set
 *fill*         0x0000000008001fca        0x2 
 .text.RTOS_TaskDO_Init
                0x0000000008001fcc      0x10c obj/Debug/src/freertos/rtos-task-do.o
                0x0000000008001fcc                RTOS_TaskDO_Init
 .text.RTOS_TaskDO
                0x00000000080020d8       0x38 obj/Debug/src/freertos/rtos-task-do.o
                0x00000000080020d8                RTOS_TaskDO
 .text.TIM2_IRQHandler
                0x0000000008002110      0x110 obj/Debug/src/freertos/rtos-task-do.o
                0x0000000008002110                TIM2_IRQHandler
 .text.RTOS_TaskLog_Out
                0x0000000008002220       0x10 obj/Debug/src/freertos/rtos-task-log.o
                0x0000000008002220                RTOS_TaskLog_Out
 .text.RTOS_TaskLog
                0x0000000008002230       0x44 obj/Debug/src/freertos/rtos-task-log.o
                0x0000000008002230                RTOS_TaskLog
 .text.DebugLog
                0x0000000008002274       0x98 obj/Debug/src/freertos/rtos-task-log.o
                0x0000000008002274                DebugLog
 .text.RTOS_TaskMbRtu_Slave
                0x000000000800230c       0xf0 obj/Debug/src/freertos/rtos-task-mbrtu.o
                0x000000000800230c                RTOS_TaskMbRtu_Slave
 .text.RTOS_TaskMbRtu
                0x00000000080023fc       0x1c obj/Debug/src/freertos/rtos-task-mbrtu.o
                0x00000000080023fc                RTOS_TaskMbRtu
 .text.TIM3_IRQHandler
                0x0000000008002418       0x34 obj/Debug/src/freertos/rtos-tim-app.o
                0x0000000008002418                TIM3_IRQHandler
 .text.main     0x000000000800244c      0x438 obj/Debug/src/main.o
                0x000000000800244c                main
 .text.MBRTU_InitDef
                0x0000000008002884       0x9c obj/Debug/src/mbrtu.o
                0x0000000008002884                MBRTU_InitDef
 .text.MBRTU_UsartDefBaudRate
                0x0000000008002920       0x40 obj/Debug/src/mbrtu.o
                0x0000000008002920                MBRTU_UsartDefBaudRate
 .text.MBRTU_UsartDefDataBits
                0x0000000008002960        0xe obj/Debug/src/mbrtu.o
                0x0000000008002960                MBRTU_UsartDefDataBits
 .text.MBRTU_UsartDefParity
                0x000000000800296e       0x18 obj/Debug/src/mbrtu.o
                0x000000000800296e                MBRTU_UsartDefParity
 .text.MBRTU_UsartDefStopBits
                0x0000000008002986        0xe obj/Debug/src/mbrtu.o
                0x0000000008002986                MBRTU_UsartDefStopBits
 .text.MBRTU_CalcCRC16
                0x0000000008002994       0x56 obj/Debug/src/mbrtu.o
                0x0000000008002994                MBRTU_CalcCRC16
 .text.MBRTU_TestCRC16
                0x00000000080029ea       0x18 obj/Debug/src/mbrtu.o
                0x00000000080029ea                MBRTU_TestCRC16
 .text.MBRTU_ParseReq
                0x0000000008002a02       0x4c obj/Debug/src/mbrtu.o
                0x0000000008002a02                MBRTU_ParseReq
 .text.MBRTU_CreateResHeader
                0x0000000008002a4e       0x40 obj/Debug/src/mbrtu.o
                0x0000000008002a4e                MBRTU_CreateResHeader
 .text.MBRTU_CreateResCRC
                0x0000000008002a8e       0x3e obj/Debug/src/mbrtu.o
                0x0000000008002a8e                MBRTU_CreateResCRC
 .text.MBRTU_CreateResExc
                0x0000000008002acc       0x32 obj/Debug/src/mbrtu.o
                0x0000000008002acc                MBRTU_CreateResExc
 .text.MBRTU_TestHoldReq
                0x0000000008002afe       0x2a obj/Debug/src/mbrtu.o
                0x0000000008002afe                MBRTU_TestHoldReq
 .text.MBRTU_TestHoldNRegs
                0x0000000008002b28       0x32 obj/Debug/src/mbrtu.o
                0x0000000008002b28                MBRTU_TestHoldNRegs
 .text.MBRTU_TestHoldNBytes
                0x0000000008002b5a       0x24 obj/Debug/src/mbrtu.o
                0x0000000008002b5a                MBRTU_TestHoldNBytes
 .text.MBRTU_TestHoldAddr
                0x0000000008002b7e       0x3c obj/Debug/src/mbrtu.o
                0x0000000008002b7e                MBRTU_TestHoldAddr
 .text.MBRTU_TestInptReq
                0x0000000008002bba       0x1c obj/Debug/src/mbrtu.o
                0x0000000008002bba                MBRTU_TestInptReq
 .text.MBRTU_TestInptNRegs
                0x0000000008002bd6       0x28 obj/Debug/src/mbrtu.o
                0x0000000008002bd6                MBRTU_TestInptNRegs
 .text.MBRTU_TestInptAddr
                0x0000000008002bfe       0x3c obj/Debug/src/mbrtu.o
                0x0000000008002bfe                MBRTU_TestInptAddr
 .text.MBRTU_ReadRegs
                0x0000000008002c3a      0x144 obj/Debug/src/mbrtu.o
                0x0000000008002c3a                MBRTU_ReadRegs
 .text.MBRTU_WriteHoldRegs
                0x0000000008002d7e      0x1a6 obj/Debug/src/mbrtu.o
                0x0000000008002d7e                MBRTU_WriteHoldRegs
 .text.MBRTU_TestCoilReq
                0x0000000008002f24       0x2a obj/Debug/src/mbrtu.o
                0x0000000008002f24                MBRTU_TestCoilReq
 .text.MBRTU_TestCoilNRegs
                0x0000000008002f4e       0x36 obj/Debug/src/mbrtu.o
                0x0000000008002f4e                MBRTU_TestCoilNRegs
 .text.MBRTU_TestCoilNBytes
                0x0000000008002f84       0x32 obj/Debug/src/mbrtu.o
                0x0000000008002f84                MBRTU_TestCoilNBytes
 .text.MBRTU_TestCoilAddr
                0x0000000008002fb6       0x3c obj/Debug/src/mbrtu.o
                0x0000000008002fb6                MBRTU_TestCoilAddr
 .text.MBRTU_TestDiscReq
                0x0000000008002ff2       0x1c obj/Debug/src/mbrtu.o
                0x0000000008002ff2                MBRTU_TestDiscReq
 .text.MBRTU_TestDiscNRegs
                0x000000000800300e       0x2a obj/Debug/src/mbrtu.o
                0x000000000800300e                MBRTU_TestDiscNRegs
 .text.MBRTU_TestDiscAddr
                0x0000000008003038       0x3c obj/Debug/src/mbrtu.o
                0x0000000008003038                MBRTU_TestDiscAddr
 .text.MBRTU_ReadDiscretes
                0x0000000008003074      0x144 obj/Debug/src/mbrtu.o
                0x0000000008003074                MBRTU_ReadDiscretes
 .text.MBRTU_WriteCoils
                0x00000000080031b8      0x146 obj/Debug/src/mbrtu.o
                0x00000000080031b8                MBRTU_WriteCoils
 .text.MBRTU_TestDiagReq
                0x00000000080032fe       0x1c obj/Debug/src/mbrtu.o
                0x00000000080032fe                MBRTU_TestDiagReq
 .text.MBRTU_DiagEcho
                0x000000000800331a       0x44 obj/Debug/src/mbrtu.o
                0x000000000800331a                MBRTU_DiagEcho
 .text.MBRTU_DiagCount
                0x000000000800335e       0x64 obj/Debug/src/mbrtu.o
                0x000000000800335e                MBRTU_DiagCount
 .text.MBRTU_Diagnostics
                0x00000000080033c2       0xa4 obj/Debug/src/mbrtu.o
                0x00000000080033c2                MBRTU_Diagnostics
 .text.MBRTU_CreateRes
                0x0000000008003466       0x96 obj/Debug/src/mbrtu.o
                0x0000000008003466                MBRTU_CreateRes
 .text.MBRTU_Start
                0x00000000080034fc       0x68 obj/Debug/src/mbrtu.o
                0x00000000080034fc                MBRTU_Start
 .text.MBRTU_SendRes
                0x0000000008003564       0x40 obj/Debug/src/mbrtu.o
                0x0000000008003564                MBRTU_SendRes
 .text.REG_GetByIDx
                0x00000000080035a4       0x18 obj/Debug/src/reg-base.o
                0x00000000080035a4                REG_GetByIDx
 .text.REG_GetByPos
                0x00000000080035bc       0x28 obj/Debug/src/reg-base.o
                0x00000000080035bc                REG_GetByPos
 .text.REG_GetByMbAddr
                0x00000000080035e4      0x182 obj/Debug/src/reg-base.o
                0x00000000080035e4                REG_GetByMbAddr
 .text.REG_MonitorSendToQueue
                0x0000000008003766       0x22 obj/Debug/src/reg-base.o
                0x0000000008003766                REG_MonitorSendToQueue
 .text.REG_MonitorByMbAddr
                0x0000000008003788       0x32 obj/Debug/src/reg-base.o
                0x0000000008003788                REG_MonitorByMbAddr
 *fill*         0x00000000080037ba        0x2 
 .text.REG_CopyWords
                0x00000000080037bc       0x68 obj/Debug/src/reg-base.o
                0x00000000080037bc                REG_CopyWords
 .text.REG_CopyValueToMb
                0x0000000008003824       0xa4 obj/Debug/src/reg-base.o
                0x0000000008003824                REG_CopyValueToMb
 .text.REG_CopyWordsToMb
                0x00000000080038c8       0xb0 obj/Debug/src/reg-base.o
                0x00000000080038c8                REG_CopyWordsToMb
 .text.REG_CopyValueFromMb
                0x0000000008003978       0x54 obj/Debug/src/reg-base.o
                0x0000000008003978                REG_CopyValueFromMb
 .text.REG_CopyWordsFromMb
                0x00000000080039cc       0x74 obj/Debug/src/reg-base.o
                0x00000000080039cc                REG_CopyWordsFromMb
 .text.REG_CopyUnsignedAppToMb
                0x0000000008003a40       0xa6 obj/Debug/src/reg-base.o
                0x0000000008003a40                REG_CopyUnsignedAppToMb
 .text.REG_CopyUnsignedMbToVar
                0x0000000008003ae6       0x8e obj/Debug/src/reg-base.o
                0x0000000008003ae6                REG_CopyUnsignedMbToVar
 .text.REG_CopyUnsignedMbToApp
                0x0000000008003b74       0x18 obj/Debug/src/reg-base.o
                0x0000000008003b74                REG_CopyUnsignedMbToApp
 .text.REG_CopyUnsignedVarToMb
                0x0000000008003b8c       0x9e obj/Debug/src/reg-base.o
                0x0000000008003b8c                REG_CopyUnsignedVarToMb
 .text.REG_CopyUnsignedVarToApp
                0x0000000008003c2a       0x52 obj/Debug/src/reg-base.o
                0x0000000008003c2a                REG_CopyUnsignedVarToApp
 .text.REG_CopyUnsigned
                0x0000000008003c7c       0x6e obj/Debug/src/reg-base.o
                0x0000000008003c7c                REG_CopyUnsigned
 .text.REG_CopySignedAppToMb
                0x0000000008003cea       0xae obj/Debug/src/reg-base.o
                0x0000000008003cea                REG_CopySignedAppToMb
 .text.REG_CopySignedMbToVar
                0x0000000008003d98       0x8e obj/Debug/src/reg-base.o
                0x0000000008003d98                REG_CopySignedMbToVar
 .text.REG_CopySignedMbToApp
                0x0000000008003e26       0x18 obj/Debug/src/reg-base.o
                0x0000000008003e26                REG_CopySignedMbToApp
 .text.REG_CopySignedVarToMb
                0x0000000008003e3e       0xa6 obj/Debug/src/reg-base.o
                0x0000000008003e3e                REG_CopySignedVarToMb
 .text.REG_CopySignedVarToApp
                0x0000000008003ee4       0x58 obj/Debug/src/reg-base.o
                0x0000000008003ee4                REG_CopySignedVarToApp
 .text.REG_CopySigned
                0x0000000008003f3c       0x6e obj/Debug/src/reg-base.o
                0x0000000008003f3c                REG_CopySigned
 .text.REG_CopyFloatAppToMb
                0x0000000008003faa       0x66 obj/Debug/src/reg-base.o
                0x0000000008003faa                REG_CopyFloatAppToMb
 .text.REG_CopyFloatMbToVar
                0x0000000008004010       0x54 obj/Debug/src/reg-base.o
                0x0000000008004010                REG_CopyFloatMbToVar
 .text.REG_CopyFloatMbToApp
                0x0000000008004064       0x18 obj/Debug/src/reg-base.o
                0x0000000008004064                REG_CopyFloatMbToApp
 .text.REG_CopyFloatVarToMb
                0x000000000800407c       0x64 obj/Debug/src/reg-base.o
                0x000000000800407c                REG_CopyFloatVarToMb
 .text.REG_CopyFloatVarToApp
                0x00000000080040e0       0x28 obj/Debug/src/reg-base.o
                0x00000000080040e0                REG_CopyFloatVarToApp
 .text.REG_CopyFloat
                0x0000000008004108       0x6e obj/Debug/src/reg-base.o
                0x0000000008004108                REG_CopyFloat
 .text.REG_CopyDoubleAppToMb
                0x0000000008004176       0x6c obj/Debug/src/reg-base.o
                0x0000000008004176                REG_CopyDoubleAppToMb
 .text.REG_CopyDoubleMbToVar
                0x00000000080041e2       0x5e obj/Debug/src/reg-base.o
                0x00000000080041e2                REG_CopyDoubleMbToVar
 .text.REG_CopyDoubleMbToApp
                0x0000000008004240       0x18 obj/Debug/src/reg-base.o
                0x0000000008004240                REG_CopyDoubleMbToApp
 .text.REG_CopyDoubleVarToMb
                0x0000000008004258       0x6a obj/Debug/src/reg-base.o
                0x0000000008004258                REG_CopyDoubleVarToMb
 .text.REG_CopyDoubleVarToApp
                0x00000000080042c2       0x2c obj/Debug/src/reg-base.o
                0x00000000080042c2                REG_CopyDoubleVarToApp
 .text.REG_CopyDouble
                0x00000000080042ee       0x6e obj/Debug/src/reg-base.o
                0x00000000080042ee                REG_CopyDouble
 .text.REG_CopyReg
                0x000000000800435c       0x44 obj/Debug/src/reg-base.o
                0x000000000800435c                REG_CopyReg
 .text.REG_CopyRegByPos
                0x00000000080043a0       0x20 obj/Debug/src/reg-base.o
                0x00000000080043a0                REG_CopyRegByPos
 .text.REG_CopyRegs
                0x00000000080043c0       0x58 obj/Debug/src/reg-base.o
                0x00000000080043c0                REG_CopyRegs
 .text.REG_TestDataTablePos
                0x0000000008004418       0x54 obj/Debug/src/reg-base.o
                0x0000000008004418                REG_TestDataTablePos
 .text.REG_InitRegs
                0x000000000800446c      0x2a8 obj/Debug/src/reg-base.o
                0x000000000800446c                REG_InitRegs
 .text.REG_Clear
                0x0000000008004714       0x20 obj/Debug/src/reg-base.o
                0x0000000008004714                REG_Clear
 .text.REG_Init
                0x0000000008004734      0x57c obj/Debug/src/reg.o
                0x0000000008004734                REG_Init
 .text.REG_CopyMbToApp
                0x0000000008004cb0      0x132 obj/Debug/src/reg.o
                0x0000000008004cb0                REG_CopyMbToApp
 .text.REG_CopyAppToMb
                0x0000000008004de2       0xe2 obj/Debug/src/reg.o
                0x0000000008004de2                REG_CopyAppToMb
 .text.REG_SetDef
                0x0000000008004ec4      0x110 obj/Debug/src/reg.o
                0x0000000008004ec4                REG_SetDef
 .text.PlcDI_Init
                0x0000000008004fd4       0xa4 obj/Debug/src/stm32f1/di.o
                0x0000000008004fd4                PlcDI_Init
 .text.PlcDI_SendValue
                0x0000000008005078       0x4c obj/Debug/src/stm32f1/di.o
                0x0000000008005078                PlcDI_SendValue
 .text.EXTI9_5_IRQHandler
                0x00000000080050c4       0x8c obj/Debug/src/stm32f1/di.o
                0x00000000080050c4                EXTI9_5_IRQHandler
 .text.EXTI15_10_IRQHandler
                0x0000000008005150       0x44 obj/Debug/src/stm32f1/di.o
                0x0000000008005150                EXTI15_10_IRQHandler
 .text.PlcDO_Init
                0x0000000008005194       0x38 obj/Debug/src/stm32f1/do.o
                0x0000000008005194                PlcDO_Init
 .text.PlcDO_On
                0x00000000080051cc       0x14 obj/Debug/src/stm32f1/do.o
                0x00000000080051cc                PlcDO_On
 .text.PlcDO_Off
                0x00000000080051e0       0x14 obj/Debug/src/stm32f1/do.o
                0x00000000080051e0                PlcDO_Off
 .text.PlcDO_Set
                0x00000000080051f4       0x14 obj/Debug/src/stm32f1/do.o
                0x00000000080051f4                PlcDO_Set
 .text.Plc_SoftwareReset
                0x0000000008005208       0x18 obj/Debug/src/stm32f1/soft-reset.o
                0x0000000008005208                Plc_SoftwareReset
 .text.PlcSysClock_Init
                0x0000000008005220       0x8a obj/Debug/src/stm32f1/sysclock.o
                0x0000000008005220                PlcSysClock_Init
 *fill*         0x00000000080052aa        0x2 
 .text.PlcSysTick_Init
                0x00000000080052ac       0x40 obj/Debug/src/stm32f1/systick.o
                0x00000000080052ac                PlcSysTick_Init
 .text.PlcTim2_Start
                0x00000000080052ec       0x2c obj/Debug/src/stm32f1/tim2.o
                0x00000000080052ec                PlcTim2_Start
 .text.PlcTim2_Stop
                0x0000000008005318       0x2c obj/Debug/src/stm32f1/tim2.o
                0x0000000008005318                PlcTim2_Stop
 .text.PlcTim2_Init
                0x0000000008005344       0x5e obj/Debug/src/stm32f1/tim2.o
                0x0000000008005344                PlcTim2_Init
 *fill*         0x00000000080053a2        0x2 
 .text.PlcTim3_Init
                0x00000000080053a4       0x6c obj/Debug/src/stm32f1/tim3.o
                0x00000000080053a4                PlcTim3_Init
 .text.PlcUsart_SendByte
                0x0000000008005410       0x18 obj/Debug/src/stm32f1/usart.o
                0x0000000008005410                PlcUsart_SendByte
 .text.USART1_DisableNVIC
                0x0000000008005428       0x10 obj/Debug/src/stm32f1/usart1.o
 .text.USART1_EnableNVIC
                0x0000000008005438        0xc obj/Debug/src/stm32f1/usart1.o
 .text.PlcUsart1_Init
                0x0000000008005444       0xd8 obj/Debug/src/stm32f1/usart1.o
                0x0000000008005444                PlcUsart1_Init
 .text.USART1_IRQHandler
                0x000000000800551c       0x84 obj/Debug/src/stm32f1/usart1.o
                0x000000000800551c                USART1_IRQHandler
 .text.dbg_serial_write
                0x00000000080055a0       0x5c obj/Debug/src/stm32f1/usart1.o
                0x00000000080055a0                dbg_serial_write
 .text.dbg_serial_read
                0x00000000080055fc       0x34 obj/Debug/src/stm32f1/usart1.o
                0x00000000080055fc                dbg_serial_read
 .text.PlcUsart2_Init
                0x0000000008005630       0xec obj/Debug/src/stm32f1/usart2.o
                0x0000000008005630                PlcUsart2_Init
 .text.USART2_IRQHandler
                0x000000000800571c      0x154 obj/Debug/src/stm32f1/usart2.o
                0x000000000800571c                USART2_IRQHandler
 .text.PlcUsart3_Init
                0x0000000008005870       0x8c obj/Debug/src/stm32f1/usart3.o
                0x0000000008005870                PlcUsart3_Init
 .text.Type_GetWSz
                0x00000000080058fc       0x28 obj/Debug/src/type.o
                0x00000000080058fc                Type_GetWSz
 .text.Type_InitBytes
                0x0000000008005924       0x16 obj/Debug/src/type.o
                0x0000000008005924                Type_InitBytes
 .text.Type_InitWords
                0x000000000800593a       0x18 obj/Debug/src/type.o
                0x000000000800593a                Type_InitWords
 .text.Type_ReplaceWordBytes
                0x0000000008005952       0x12 obj/Debug/src/type.o
                0x0000000008005952                Type_ReplaceWordBytes
 .text.Type_OrderWordBytes
                0x0000000008005964       0x2a obj/Debug/src/type.o
                0x0000000008005964                Type_OrderWordBytes
 .text.Type_CopyWordsExt
                0x000000000800598e       0xfc obj/Debug/src/type.o
                0x000000000800598e                Type_CopyWordsExt
 .text.Type_CopyWords
                0x0000000008005a8a       0x1a obj/Debug/src/type.o
                0x0000000008005a8a                Type_CopyWords
 *fill*         0x0000000008005aa4        0x4 
 .text.ilog10   0x0000000008005aa8       0xb8 obj/Debug/src/xprintf.o
 .text.i10x     0x0000000008005b60       0x60 obj/Debug/src/xprintf.o
 .text.ftoa     0x0000000008005bc0      0x260 obj/Debug/src/xprintf.o
 .text.xfputc   0x0000000008005e20       0x24 obj/Debug/src/xprintf.o
                0x0000000008005e20                xfputc
 .text.xvfprintf
                0x0000000008005e44      0x3d0 obj/Debug/src/xprintf.o
 .text.xsprintfa
                0x0000000008006214       0x1c obj/Debug/src/xprintf.o
                0x0000000008006214                xsprintfa
 .text.PlcApp_Init
                0x0000000008006230       0x30 obj/Debug/system/beremiz/src/plc_app.o
                0x0000000008006230                PlcApp_Init
 .text.PlcApp_Start
                0x0000000008006260       0x20 obj/Debug/system/beremiz/src/plc_app.o
                0x0000000008006260                PlcApp_Start
 .text.PlcApp_Stop
                0x0000000008006280       0x1c obj/Debug/system/beremiz/src/plc_app.o
                0x0000000008006280                PlcApp_Stop
 .text.PlcApp_Run
                0x000000000800629c       0x14 obj/Debug/system/beremiz/src/plc_app.o
                0x000000000800629c                PlcApp_Run
 .text.PlcApp_TestLocVar
                0x00000000080062b0       0xa0 obj/Debug/system/beremiz/src/plc_app.o
                0x00000000080062b0                PlcApp_TestLocVar
 .text.dbg_fifo_flush
                0x0000000008006350        0xa obj/Debug/system/beremiz/src/plc_debug.o
                0x0000000008006350                dbg_fifo_flush
 .text.dbg_fifo_write_byte
                0x000000000800635a       0x30 obj/Debug/system/beremiz/src/plc_debug.o
                0x000000000800635a                dbg_fifo_write_byte
 .text.dbg_fifo_write
                0x000000000800638a       0x26 obj/Debug/system/beremiz/src/plc_debug.o
                0x000000000800638a                dbg_fifo_write
 .text.dbg_fifo_read_byte
                0x00000000080063b0       0x30 obj/Debug/system/beremiz/src/plc_debug.o
                0x00000000080063b0                dbg_fifo_read_byte
 .text.dbg_init
                0x00000000080063e0       0x10 obj/Debug/system/beremiz/src/plc_debug.o
                0x00000000080063e0                dbg_init
 .text.dbg_handler
                0x00000000080063f0      0x608 obj/Debug/system/beremiz/src/plc_debug.o
                0x00000000080063f0                dbg_handler
 .text.plc_check_code
                0x00000000080069f8       0x20 obj/Debug/system/beremiz/src/plc_glue_rte.o
 .text.plc_app_is_valid
                0x0000000008006a18      0x1f8 obj/Debug/system/beremiz/src/plc_glue_rte.o
                0x0000000008006a18                plc_app_is_valid
 .text.plc_app_cstratup
                0x0000000008006c10       0x54 obj/Debug/system/beremiz/src/plc_glue_rte.o
                0x0000000008006c10                plc_app_cstratup
 .text.pvPortMalloc
                0x0000000008006c64       0x60 obj/Debug/system/freertos/src/heap_1.o
                0x0000000008006c64                pvPortMalloc
 .text.vPortFree
                0x0000000008006cc4        0x2 obj/Debug/system/freertos/src/heap_1.o
                0x0000000008006cc4                vPortFree
 .text.vListInitialise
                0x0000000008006cc6       0x16 obj/Debug/system/freertos/src/list.o
                0x0000000008006cc6                vListInitialise
 .text.vListInitialiseItem
                0x0000000008006cdc        0x6 obj/Debug/system/freertos/src/list.o
                0x0000000008006cdc                vListInitialiseItem
 .text.vListInsertEnd
                0x0000000008006ce2       0x16 obj/Debug/system/freertos/src/list.o
                0x0000000008006ce2                vListInsertEnd
 .text.vListInsert
                0x0000000008006cf8       0x32 obj/Debug/system/freertos/src/list.o
                0x0000000008006cf8                vListInsert
 .text.uxListRemove
                0x0000000008006d2a       0x26 obj/Debug/system/freertos/src/list.o
                0x0000000008006d2a                uxListRemove
 .text.prvTaskExitError
                0x0000000008006d50       0x20 obj/Debug/system/freertos/src/port.o
 .text.prvPortStartFirstTask
                0x0000000008006d70       0x20 obj/Debug/system/freertos/src/port.o
 .text.pxPortInitialiseStack
                0x0000000008006d90       0x24 obj/Debug/system/freertos/src/port.o
                0x0000000008006d90                pxPortInitialiseStack
 *fill*         0x0000000008006db4        0xc 
 .text.SVC_Handler
                0x0000000008006dc0       0x24 obj/Debug/system/freertos/src/port.o
                0x0000000008006dc0                SVC_Handler
 .text.vPortEnterCritical
                0x0000000008006de4       0x20 obj/Debug/system/freertos/src/port.o
                0x0000000008006de4                vPortEnterCritical
 .text.vPortExitCritical
                0x0000000008006e04       0x14 obj/Debug/system/freertos/src/port.o
                0x0000000008006e04                vPortExitCritical
 *fill*         0x0000000008006e18        0x8 
 .text.PendSV_Handler
                0x0000000008006e20       0x44 obj/Debug/system/freertos/src/port.o
                0x0000000008006e20                PendSV_Handler
 .text.SysTick_Handler
                0x0000000008006e64       0x2c obj/Debug/system/freertos/src/port.o
                0x0000000008006e64                SysTick_Handler
 .text.vPortSetupTimerInterrupt
                0x0000000008006e90       0x18 obj/Debug/system/freertos/src/port.o
                0x0000000008006e90                vPortSetupTimerInterrupt
 .text.xPortStartScheduler
                0x0000000008006ea8       0x3c obj/Debug/system/freertos/src/port.o
                0x0000000008006ea8                xPortStartScheduler
 .text.prvGetDisinheritPriorityAfterTimeout
                0x0000000008006ee4       0x10 obj/Debug/system/freertos/src/queue.o
 .text.prvIsQueueFull
                0x0000000008006ef4       0x1e obj/Debug/system/freertos/src/queue.o
 .text.prvIsQueueEmpty
                0x0000000008006f12       0x1a obj/Debug/system/freertos/src/queue.o
 .text.prvCopyDataToQueue
                0x0000000008006f2c       0x76 obj/Debug/system/freertos/src/queue.o
 .text.prvNotifyQueueSetContainer
                0x0000000008006fa2       0x50 obj/Debug/system/freertos/src/queue.o
 .text.prvCopyDataFromQueue
                0x0000000008006ff2       0x24 obj/Debug/system/freertos/src/queue.o
 .text.prvUnlockQueue
                0x0000000008007016       0x82 obj/Debug/system/freertos/src/queue.o
 .text.xQueueGenericReset
                0x0000000008007098       0x70 obj/Debug/system/freertos/src/queue.o
                0x0000000008007098                xQueueGenericReset
 .text.prvInitialiseNewQueue
                0x0000000008007108       0x20 obj/Debug/system/freertos/src/queue.o
 .text.xQueueGenericCreate
                0x0000000008007128       0x2e obj/Debug/system/freertos/src/queue.o
                0x0000000008007128                xQueueGenericCreate
 .text.xQueueGenericSend
                0x0000000008007156      0x14a obj/Debug/system/freertos/src/queue.o
                0x0000000008007156                xQueueGenericSend
 .text.prvInitialiseMutex
                0x00000000080072a0       0x18 obj/Debug/system/freertos/src/queue.o
 .text.xQueueCreateMutex
                0x00000000080072b8       0x16 obj/Debug/system/freertos/src/queue.o
                0x00000000080072b8                xQueueCreateMutex
 .text.xQueueGenericSendFromISR
                0x00000000080072ce       0xa4 obj/Debug/system/freertos/src/queue.o
                0x00000000080072ce                xQueueGenericSendFromISR
 .text.xQueueReceive
                0x0000000008007372      0x110 obj/Debug/system/freertos/src/queue.o
                0x0000000008007372                xQueueReceive
 .text.xQueueSemaphoreTake
                0x0000000008007482      0x146 obj/Debug/system/freertos/src/queue.o
                0x0000000008007482                xQueueSemaphoreTake
 .text.vQueueWaitForMessageRestricted
                0x00000000080075c8       0x52 obj/Debug/system/freertos/src/queue.o
                0x00000000080075c8                vQueueWaitForMessageRestricted
 *fill*         0x000000000800761a        0x2 
 .text.prvIdleTask
                0x000000000800761c       0x24 obj/Debug/system/freertos/src/tasks.o
 .text.prvResetNextTaskUnblockTime
                0x0000000008007640       0x2c obj/Debug/system/freertos/src/tasks.o
 .text.prvInitialiseNewTask
                0x000000000800766c       0xb6 obj/Debug/system/freertos/src/tasks.o
 *fill*         0x0000000008007722        0x2 
 .text.prvInitialiseTaskLists
                0x0000000008007724       0x5c obj/Debug/system/freertos/src/tasks.o
 .text.prvAddNewTaskToReadyList
                0x0000000008007780       0xa8 obj/Debug/system/freertos/src/tasks.o
 .text.prvAddCurrentTaskToDelayedList
                0x0000000008007828       0x98 obj/Debug/system/freertos/src/tasks.o
 .text.xTaskCreate
                0x00000000080078c0       0x64 obj/Debug/system/freertos/src/tasks.o
                0x00000000080078c0                xTaskCreate
 .text.vTaskStartScheduler
                0x0000000008007924       0x6c obj/Debug/system/freertos/src/tasks.o
                0x0000000008007924                vTaskStartScheduler
 .text.vTaskSuspendAll
                0x0000000008007990       0x10 obj/Debug/system/freertos/src/tasks.o
                0x0000000008007990                vTaskSuspendAll
 .text.xTaskGetTickCount
                0x00000000080079a0        0xc obj/Debug/system/freertos/src/tasks.o
                0x00000000080079a0                xTaskGetTickCount
 .text.xTaskIncrementTick
                0x00000000080079ac       0xec obj/Debug/system/freertos/src/tasks.o
                0x00000000080079ac                xTaskIncrementTick
 .text.xTaskResumeAll
                0x0000000008007a98       0xe0 obj/Debug/system/freertos/src/tasks.o
                0x0000000008007a98                xTaskResumeAll
 .text.vTaskSwitchContext
                0x0000000008007b78       0x78 obj/Debug/system/freertos/src/tasks.o
                0x0000000008007b78                vTaskSwitchContext
 .text.vTaskPlaceOnEventList
                0x0000000008007bf0       0x1c obj/Debug/system/freertos/src/tasks.o
                0x0000000008007bf0                vTaskPlaceOnEventList
 .text.vTaskPlaceOnEventListRestricted
                0x0000000008007c0c       0x24 obj/Debug/system/freertos/src/tasks.o
                0x0000000008007c0c                vTaskPlaceOnEventListRestricted
 .text.xTaskRemoveFromEventList
                0x0000000008007c30       0x78 obj/Debug/system/freertos/src/tasks.o
                0x0000000008007c30                xTaskRemoveFromEventList
 .text.vTaskInternalSetTimeOutState
                0x0000000008007ca8       0x18 obj/Debug/system/freertos/src/tasks.o
                0x0000000008007ca8                vTaskInternalSetTimeOutState
 .text.xTaskCheckForTimeOut
                0x0000000008007cc0       0x5c obj/Debug/system/freertos/src/tasks.o
                0x0000000008007cc0                xTaskCheckForTimeOut
 .text.vTaskMissedYield
                0x0000000008007d1c        0xc obj/Debug/system/freertos/src/tasks.o
                0x0000000008007d1c                vTaskMissedYield
 .text.xTaskGetSchedulerState
                0x0000000008007d28       0x20 obj/Debug/system/freertos/src/tasks.o
                0x0000000008007d28                xTaskGetSchedulerState
 .text.xTaskPriorityInherit
                0x0000000008007d48       0xac obj/Debug/system/freertos/src/tasks.o
                0x0000000008007d48                xTaskPriorityInherit
 .text.xTaskPriorityDisinherit
                0x0000000008007df4       0x80 obj/Debug/system/freertos/src/tasks.o
                0x0000000008007df4                xTaskPriorityDisinherit
 .text.vTaskPriorityDisinheritAfterTimeout
                0x0000000008007e74       0x84 obj/Debug/system/freertos/src/tasks.o
                0x0000000008007e74                vTaskPriorityDisinheritAfterTimeout
 .text.pvTaskIncrementMutexHeldCount
                0x0000000008007ef8       0x1c obj/Debug/system/freertos/src/tasks.o
                0x0000000008007ef8                pvTaskIncrementMutexHeldCount
 .text.prvGetNextExpireTime
                0x0000000008007f14       0x20 obj/Debug/system/freertos/src/timers.o
 .text.prvInsertTimerInActiveList
                0x0000000008007f34       0x48 obj/Debug/system/freertos/src/timers.o
 .text.prvCheckForValidListAndQueue
                0x0000000008007f7c       0x50 obj/Debug/system/freertos/src/timers.o
 .text.prvInitialiseNewTimer
                0x0000000008007fcc       0x38 obj/Debug/system/freertos/src/timers.o
 .text.xTimerCreateTimerTask
                0x0000000008008004       0x3c obj/Debug/system/freertos/src/timers.o
                0x0000000008008004                xTimerCreateTimerTask
 .text.xTimerCreate
                0x0000000008008040       0x38 obj/Debug/system/freertos/src/timers.o
                0x0000000008008040                xTimerCreate
 .text.xTimerGenericCommand
                0x0000000008008078       0x58 obj/Debug/system/freertos/src/timers.o
                0x0000000008008078                xTimerGenericCommand
 .text.prvSwitchTimerLists
                0x00000000080080d0       0x68 obj/Debug/system/freertos/src/timers.o
 .text.prvSampleTimeNow
                0x0000000008008138       0x2c obj/Debug/system/freertos/src/timers.o
 .text.prvProcessExpiredTimer
                0x0000000008008164       0x58 obj/Debug/system/freertos/src/timers.o
 .text.prvProcessTimerOrBlockTask
                0x00000000080081bc       0x74 obj/Debug/system/freertos/src/timers.o
 .text.prvProcessReceivedCommands
                0x0000000008008230       0xd4 obj/Debug/system/freertos/src/timers.o
 .text.prvTimerTask
                0x0000000008008304       0x16 obj/Debug/system/freertos/src/timers.o
 *fill*         0x000000000800831a        0x2 
 .text.SetSysClockTo72
                0x000000000800831c       0xf0 obj/Debug/system/stm32f1/src/cmsis/system_stm32f10x.o
 .text.SetSysClock
                0x000000000800840c        0x8 obj/Debug/system/stm32f1/src/cmsis/system_stm32f10x.o
 .text.SystemInit
                0x0000000008008414       0x5c obj/Debug/system/stm32f1/src/cmsis/system_stm32f10x.o
                0x0000000008008414                SystemInit
 .text.SystemCoreClockUpdate
                0x0000000008008470       0xcc obj/Debug/system/stm32f1/src/cmsis/system_stm32f10x.o
                0x0000000008008470                SystemCoreClockUpdate
 .text.__initialize_hardware_early
                0x000000000800853c       0x18 obj/Debug/system/stm32f1/src/cortexm/_initialize_hardware.o
                0x000000000800853c                __initialize_hardware_early
 .text.__initialize_hardware
                0x0000000008008554        0x8 obj/Debug/system/stm32f1/src/cortexm/_initialize_hardware.o
                0x0000000008008554                __initialize_hardware
 .text._exit    0x000000000800855c        0x2 obj/Debug/system/stm32f1/src/newlib/_exit.o
                0x000000000800855c                _exit
 .text.abort    0x000000000800855e        0x8 obj/Debug/system/stm32f1/src/newlib/_exit.o
                0x000000000800855e                abort
 *fill*         0x0000000008008566        0x2 
 .text.__initialize_args
                0x0000000008008568       0x10 obj/Debug/system/stm32f1/src/newlib/_syscalls.o
                0x0000000008008568                __initialize_args
 .text.assert_failed
                0x0000000008008578        0x6 obj/Debug/system/stm32f1/src/newlib/assert.o
                0x0000000008008578                assert_failed
 *fill*         0x000000000800857e        0x2 
 .text.NVIC_PriorityGroupConfig
                0x0000000008008580       0x44 obj/Debug/system/stm32f1/src/stm32f1-stdperiph/misc.o
                0x0000000008008580                NVIC_PriorityGroupConfig
 .text.NVIC_Init
                0x00000000080085c4       0x98 obj/Debug/system/stm32f1/src/stm32f1-stdperiph/misc.o
                0x00000000080085c4                NVIC_Init
 .text.EXTI_Init
                0x000000000800865c       0xdc obj/Debug/system/stm32f1/src/stm32f1-stdperiph/stm32f10x_exti.o
                0x000000000800865c                EXTI_Init
 .text.EXTI_StructInit
                0x0000000008008738        0xe obj/Debug/system/stm32f1/src/stm32f1-stdperiph/stm32f10x_exti.o
                0x0000000008008738                EXTI_StructInit
 *fill*         0x0000000008008746        0x2 
 .text.EXTI_GetITStatus
                0x0000000008008748       0x98 obj/Debug/system/stm32f1/src/stm32f1-stdperiph/stm32f10x_exti.o
                0x0000000008008748                EXTI_GetITStatus
 .text.EXTI_ClearITPendingBit
                0x00000000080087e0       0x24 obj/Debug/system/stm32f1/src/stm32f1-stdperiph/stm32f10x_exti.o
                0x00000000080087e0                EXTI_ClearITPendingBit
 .text.GPIO_Init
                0x0000000008008804      0x13c obj/Debug/system/stm32f1/src/stm32f1-stdperiph/stm32f10x_gpio.o
                0x0000000008008804                GPIO_Init
 .text.GPIO_StructInit
                0x0000000008008940       0x10 obj/Debug/system/stm32f1/src/stm32f1-stdperiph/stm32f10x_gpio.o
                0x0000000008008940                GPIO_StructInit
 .text.GPIO_ReadInputDataBit
                0x0000000008008950       0xb8 obj/Debug/system/stm32f1/src/stm32f1-stdperiph/stm32f10x_gpio.o
                0x0000000008008950                GPIO_ReadInputDataBit
 .text.GPIO_SetBits
                0x0000000008008a08       0x60 obj/Debug/system/stm32f1/src/stm32f1-stdperiph/stm32f10x_gpio.o
                0x0000000008008a08                GPIO_SetBits
 .text.GPIO_ResetBits
                0x0000000008008a68       0x60 obj/Debug/system/stm32f1/src/stm32f1-stdperiph/stm32f10x_gpio.o
                0x0000000008008a68                GPIO_ResetBits
 .text.GPIO_EXTILineConfig
                0x0000000008008ac8       0x5c obj/Debug/system/stm32f1/src/stm32f1-stdperiph/stm32f10x_gpio.o
                0x0000000008008ac8                GPIO_EXTILineConfig
 .text.RCC_DeInit
                0x0000000008008b24       0x4c obj/Debug/system/stm32f1/src/stm32f1-stdperiph/stm32f10x_rcc.o
                0x0000000008008b24                RCC_DeInit
 .text.RCC_HSEConfig
                0x0000000008008b70       0x60 obj/Debug/system/stm32f1/src/stm32f1-stdperiph/stm32f10x_rcc.o
                0x0000000008008b70                RCC_HSEConfig
 .text.RCC_PLLConfig
                0x0000000008008bd0       0x68 obj/Debug/system/stm32f1/src/stm32f1-stdperiph/stm32f10x_rcc.o
                0x0000000008008bd0                RCC_PLLConfig
 .text.RCC_PLLCmd
                0x0000000008008c38       0x24 obj/Debug/system/stm32f1/src/stm32f1-stdperiph/stm32f10x_rcc.o
                0x0000000008008c38                RCC_PLLCmd
 .text.RCC_PREDIV1Config
                0x0000000008008c5c       0x48 obj/Debug/system/stm32f1/src/stm32f1-stdperiph/stm32f10x_rcc.o
                0x0000000008008c5c                RCC_PREDIV1Config
 .text.RCC_PREDIV2Config
                0x0000000008008ca4       0x64 obj/Debug/system/stm32f1/src/stm32f1-stdperiph/stm32f10x_rcc.o
                0x0000000008008ca4                RCC_PREDIV2Config
 .text.RCC_PLL2Config
                0x0000000008008d08       0x5c obj/Debug/system/stm32f1/src/stm32f1-stdperiph/stm32f10x_rcc.o
                0x0000000008008d08                RCC_PLL2Config
 .text.RCC_PLL2Cmd
                0x0000000008008d64       0x24 obj/Debug/system/stm32f1/src/stm32f1-stdperiph/stm32f10x_rcc.o
                0x0000000008008d64                RCC_PLL2Cmd
 .text.RCC_SYSCLKConfig
                0x0000000008008d88       0x2c obj/Debug/system/stm32f1/src/stm32f1-stdperiph/stm32f10x_rcc.o
                0x0000000008008d88                RCC_SYSCLKConfig
 .text.RCC_GetSYSCLKSource
                0x0000000008008db4       0x10 obj/Debug/system/stm32f1/src/stm32f1-stdperiph/stm32f10x_rcc.o
                0x0000000008008db4                RCC_GetSYSCLKSource
 .text.RCC_HCLKConfig
                0x0000000008008dc4       0x48 obj/Debug/system/stm32f1/src/stm32f1-stdperiph/stm32f10x_rcc.o
                0x0000000008008dc4                RCC_HCLKConfig
 .text.RCC_PCLK1Config
                0x0000000008008e0c       0x40 obj/Debug/system/stm32f1/src/stm32f1-stdperiph/stm32f10x_rcc.o
                0x0000000008008e0c                RCC_PCLK1Config
 .text.RCC_PCLK2Config
                0x0000000008008e4c       0x44 obj/Debug/system/stm32f1/src/stm32f1-stdperiph/stm32f10x_rcc.o
                0x0000000008008e4c                RCC_PCLK2Config
 .text.RCC_GetClocksFreq
                0x0000000008008e90       0xf4 obj/Debug/system/stm32f1/src/stm32f1-stdperiph/stm32f10x_rcc.o
                0x0000000008008e90                RCC_GetClocksFreq
 .text.RCC_APB2PeriphClockCmd
                0x0000000008008f84       0x4c obj/Debug/system/stm32f1/src/stm32f1-stdperiph/stm32f10x_rcc.o
                0x0000000008008f84                RCC_APB2PeriphClockCmd
 .text.RCC_APB1PeriphClockCmd
                0x0000000008008fd0       0x4c obj/Debug/system/stm32f1/src/stm32f1-stdperiph/stm32f10x_rcc.o
                0x0000000008008fd0                RCC_APB1PeriphClockCmd
 .text.RCC_GetFlagStatus
                0x000000000800901c       0x7c obj/Debug/system/stm32f1/src/stm32f1-stdperiph/stm32f10x_rcc.o
                0x000000000800901c                RCC_GetFlagStatus
 .text.RCC_WaitForHSEStartUp
                0x0000000008009098       0x30 obj/Debug/system/stm32f1/src/stm32f1-stdperiph/stm32f10x_rcc.o
                0x0000000008009098                RCC_WaitForHSEStartUp
 .text.TIM_TimeBaseInit
                0x00000000080090c8      0x160 obj/Debug/system/stm32f1/src/stm32f1-stdperiph/stm32f10x_tim.o
                0x00000000080090c8                TIM_TimeBaseInit
 .text.TIM_Cmd  0x0000000008009228       0xc8 obj/Debug/system/stm32f1/src/stm32f1-stdperiph/stm32f10x_tim.o
                0x0000000008009228                TIM_Cmd
 .text.TIM_ITConfig
                0x00000000080092f0       0xd8 obj/Debug/system/stm32f1/src/stm32f1-stdperiph/stm32f10x_tim.o
                0x00000000080092f0                TIM_ITConfig
 .text.TIM_SetCounter
                0x00000000080093c8       0xa0 obj/Debug/system/stm32f1/src/stm32f1-stdperiph/stm32f10x_tim.o
                0x00000000080093c8                TIM_SetCounter
 .text.TIM_GetITStatus
                0x0000000008009468       0xe0 obj/Debug/system/stm32f1/src/stm32f1-stdperiph/stm32f10x_tim.o
                0x0000000008009468                TIM_GetITStatus
 .text.TIM_ClearITPendingBit
                0x0000000008009548       0xb8 obj/Debug/system/stm32f1/src/stm32f1-stdperiph/stm32f10x_tim.o
                0x0000000008009548                TIM_ClearITPendingBit
 .text.USART_Init
                0x0000000008009600      0x1b8 obj/Debug/system/stm32f1/src/stm32f1-stdperiph/stm32f10x_usart.o
                0x0000000008009600                USART_Init
 .text.USART_StructInit
                0x00000000080097b8       0x16 obj/Debug/system/stm32f1/src/stm32f1-stdperiph/stm32f10x_usart.o
                0x00000000080097b8                USART_StructInit
 *fill*         0x00000000080097ce        0x2 
 .text.USART_Cmd
                0x00000000080097d0       0x6c obj/Debug/system/stm32f1/src/stm32f1-stdperiph/stm32f10x_usart.o
                0x00000000080097d0                USART_Cmd
 .text.USART_ITConfig
                0x000000000800983c       0xf4 obj/Debug/system/stm32f1/src/stm32f1-stdperiph/stm32f10x_usart.o
                0x000000000800983c                USART_ITConfig
 .text.USART_SendData
                0x0000000008009930       0x58 obj/Debug/system/stm32f1/src/stm32f1-stdperiph/stm32f10x_usart.o
                0x0000000008009930                USART_SendData
 .text.USART_ReceiveData
                0x0000000008009988       0x44 obj/Debug/system/stm32f1/src/stm32f1-stdperiph/stm32f10x_usart.o
                0x0000000008009988                USART_ReceiveData
 .text.USART_GetFlagStatus
                0x00000000080099cc       0xac obj/Debug/system/stm32f1/src/stm32f1-stdperiph/stm32f10x_usart.o
                0x00000000080099cc                USART_GetFlagStatus
 .text.USART_GetITStatus
                0x0000000008009a78      0x104 obj/Debug/system/stm32f1/src/stm32f1-stdperiph/stm32f10x_usart.o
                0x0000000008009a78                USART_GetITStatus
 .text.USART_ClearITPendingBit
                0x0000000008009b7c       0xa4 obj/Debug/system/stm32f1/src/stm32f1-stdperiph/stm32f10x_usart.o
                0x0000000008009b7c                USART_ClearITPendingBit
 .text          0x0000000008009c20      0x378 /opt/tools/bin/../lib/gcc/arm-none-eabi/10.3.1/thumb/v7-m/nofp/libgcc.a(_arm_addsubdf3.o)
                0x0000000008009c20                __aeabi_drsub
                0x0000000008009c28                __aeabi_dsub
                0x0000000008009c28                __subdf3
                0x0000000008009c2c                __adddf3
                0x0000000008009c2c                __aeabi_dadd
                0x0000000008009ea4                __aeabi_ui2d
                0x0000000008009ea4                __floatunsidf
                0x0000000008009ec4                __floatsidf
                0x0000000008009ec4                __aeabi_i2d
                0x0000000008009ee8                __extendsfdf2
                0x0000000008009ee8                __aeabi_f2d
                0x0000000008009f2c                __aeabi_ul2d
                0x0000000008009f2c                __floatundidf
                0x0000000008009f3c                __floatdidf
                0x0000000008009f3c                __aeabi_l2d
 .text          0x0000000008009f98      0x424 /opt/tools/bin/../lib/gcc/arm-none-eabi/10.3.1/thumb/v7-m/nofp/libgcc.a(_arm_muldivdf3.o)
                0x0000000008009f98                __aeabi_dmul
                0x0000000008009f98                __muldf3
                0x000000000800a1ec                __aeabi_ddiv
                0x000000000800a1ec                __divdf3
 .text          0x000000000800a3bc      0x110 /opt/tools/bin/../lib/gcc/arm-none-eabi/10.3.1/thumb/v7-m/nofp/libgcc.a(_arm_cmpdf2.o)
                0x000000000800a3bc                __gtdf2
                0x000000000800a3bc                __gedf2
                0x000000000800a3c4                __ltdf2
                0x000000000800a3c4                __ledf2
                0x000000000800a3cc                __cmpdf2
                0x000000000800a3cc                __eqdf2
                0x000000000800a3cc                __nedf2
                0x000000000800a448                __aeabi_cdrcmple
                0x000000000800a458                __aeabi_cdcmple
                0x000000000800a458                __aeabi_cdcmpeq
                0x000000000800a468                __aeabi_dcmpeq
                0x000000000800a47c                __aeabi_dcmplt
                0x000000000800a490                __aeabi_dcmple
                0x000000000800a4a4                __aeabi_dcmpge
                0x000000000800a4b8                __aeabi_dcmpgt
 .text          0x000000000800a4cc       0x2c /opt/tools/bin/../lib/gcc/arm-none-eabi/10.3.1/thumb/v7-m/nofp/libgcc.a(_arm_unorddf2.o)
                0x000000000800a4cc                __aeabi_dcmpun
                0x000000000800a4cc                __unorddf2
 .text          0x000000000800a4f8       0x50 /opt/tools/bin/../lib/gcc/arm-none-eabi/10.3.1/thumb/v7-m/nofp/libgcc.a(_arm_fixdfsi.o)
                0x000000000800a4f8                __fixdfsi
                0x000000000800a4f8                __aeabi_d2iz
 .text          0x000000000800a548       0x40 /opt/tools/bin/../lib/gcc/arm-none-eabi/10.3.1/thumb/v7-m/nofp/libgcc.a(_arm_fixunsdfsi.o)
                0x000000000800a548                __fixunsdfsi
                0x000000000800a548                __aeabi_d2uiz
 .text          0x000000000800a588      0x21c /opt/tools/bin/../lib/gcc/arm-none-eabi/10.3.1/thumb/v7-m/nofp/libgcc.a(_arm_addsubsf3.o)
                0x000000000800a588                __aeabi_frsub
                0x000000000800a590                __subsf3
                0x000000000800a590                __aeabi_fsub
                0x000000000800a594                __aeabi_fadd
                0x000000000800a594                __addsf3
                0x000000000800a6f4                __aeabi_ui2f
                0x000000000800a6f4                __floatunsisf
                0x000000000800a6fc                __aeabi_i2f
                0x000000000800a6fc                __floatsisf
                0x000000000800a718                __floatundisf
                0x000000000800a718                __aeabi_ul2f
                0x000000000800a728                __floatdisf
                0x000000000800a728                __aeabi_l2f
 .text          0x000000000800a7a4      0x2a0 /opt/tools/bin/../lib/gcc/arm-none-eabi/10.3.1/thumb/v7-m/nofp/libgcc.a(_arm_muldivsf3.o)
                0x000000000800a7a4                __mulsf3
                0x000000000800a7a4                __aeabi_fmul
                0x000000000800a90c                __divsf3
                0x000000000800a90c                __aeabi_fdiv
 .text          0x000000000800aa44       0xec /opt/tools/bin/../lib/gcc/arm-none-eabi/10.3.1/thumb/v7-m/nofp/libgcc.a(_arm_cmpsf2.o)
                0x000000000800aa44                __gtsf2
                0x000000000800aa44                __gesf2
                0x000000000800aa4c                __lesf2
                0x000000000800aa4c                __ltsf2
                0x000000000800aa54                __nesf2
                0x000000000800aa54                __eqsf2
                0x000000000800aa54                __cmpsf2
                0x000000000800aab4                __aeabi_cfrcmple
                0x000000000800aabc                __aeabi_cfcmple
                0x000000000800aabc                __aeabi_cfcmpeq
                0x000000000800aacc                __aeabi_fcmpeq
                0x000000000800aae0                __aeabi_fcmplt
                0x000000000800aaf4                __aeabi_fcmple
                0x000000000800ab08                __aeabi_fcmpge
                0x000000000800ab1c                __aeabi_fcmpgt
 .text          0x000000000800ab30       0x40 /opt/tools/bin/../lib/gcc/arm-none-eabi/10.3.1/thumb/v7-m/nofp/libgcc.a(_arm_fixunssfsi.o)
                0x000000000800ab30                __aeabi_f2uiz
                0x000000000800ab30                __fixunssfsi
 .text          0x000000000800ab70       0x30 /opt/tools/bin/../lib/gcc/arm-none-eabi/10.3.1/thumb/v7-m/nofp/libgcc.a(_aeabi_uldivmod.o)
                0x000000000800ab70                __aeabi_uldivmod
 .text.__fixunssfdi
                0x000000000800aba0       0x40 /opt/tools/bin/../lib/gcc/arm-none-eabi/10.3.1/thumb/v7-m/nofp/libgcc.a(_fixunssfdi.o)
                0x000000000800aba0                __aeabi_f2ulz
                0x000000000800aba0                __fixunssfdi
 .text.__udivmoddi4
                0x000000000800abe0      0x2d4 /opt/tools/bin/../lib/gcc/arm-none-eabi/10.3.1/thumb/v7-m/nofp/libgcc.a(_udivmoddi4.o)
                0x000000000800abe0                __udivmoddi4
 .text          0x000000000800aeb4        0x4 /opt/tools/bin/../lib/gcc/arm-none-eabi/10.3.1/thumb/v7-m/nofp/libgcc.a(_dvmd_tls.o)
                0x000000000800aeb4                __aeabi_ldiv0
                0x000000000800aeb4                __aeabi_idiv0
 .text          0x000000000800aeb8       0xec /opt/tools/bin/../lib/gcc/arm-none-eabi/10.3.1/../../../../arm-none-eabi/lib/thumb/v7-m/nofp/libc.a(lib_a-memcpy.o)
                0x000000000800aeb8                memcpy
 .text.strlen   0x000000000800afa4       0x5c /opt/tools/bin/../lib/gcc/arm-none-eabi/10.3.1/../../../../arm-none-eabi/lib/thumb/v7-m/nofp/libc.a(lib_a-strlen-stub.o)
                0x000000000800afa4                strlen
 *(.rodata .rodata.* .constdata .constdata.*)
 .rodata.RTOS_Error.str1.4
                0x000000000800b000       0xe3 obj/Debug/src/freertos/rtos-error.o
 *fill*         0x000000000800b0e3        0x1 
 .rodata.RTOS_TaskApp_InitTimApp.str1.4
                0x000000000800b0e4       0x10 obj/Debug/src/freertos/rtos-task-app.o
 .rodata.RTOS_TaskApp.str1.4
                0x000000000800b0f4       0x4c obj/Debug/src/freertos/rtos-task-app.o
 .rodata.main.str1.4
                0x000000000800b140      0x106 obj/Debug/src/main.o
 *fill*         0x000000000800b246        0x2 
 .rodata.REG_InitRegs.str1.4
                0x000000000800b248       0xb4 obj/Debug/src/reg-base.o
                                         0xb8 (size before relaxing)
 .rodata.REG_Init.str1.4
                0x000000000800b2fc       0x2b obj/Debug/src/reg.o
 *fill*         0x000000000800b327        0x1 
 .rodata.ftoa.str1.4
                0x000000000800b328        0xc obj/Debug/src/xprintf.o
 .rodata.xvfprintf.str1.4
                0x000000000800b334        0xc obj/Debug/src/xprintf.o
                                          0x1 (size before relaxing)
 .rodata.PlcApp_Init.str1.4
                0x000000000800b334       0x20 obj/Debug/system/beremiz/src/plc_app.o
 .rodata.vTaskStartScheduler.str1.4
                0x000000000800b354        0x5 obj/Debug/system/freertos/src/tasks.o
 *fill*         0x000000000800b359        0x3 
 .rodata.xTimerCreateTimerTask.str1.4
                0x000000000800b35c        0x8 obj/Debug/system/freertos/src/timers.o
 .rodata.NVIC_PriorityGroupConfig.str1.4
                0x000000000800b364       0x2c obj/Debug/system/stm32f1/src/stm32f1-stdperiph/misc.o
 .rodata.EXTI_Init.str1.4
                0x000000000800b390       0x36 obj/Debug/system/stm32f1/src/stm32f1-stdperiph/stm32f10x_exti.o
 *fill*         0x000000000800b3c6        0x2 
 .rodata.GPIO_DeInit.str1.4
                0x000000000800b3c8       0x36 obj/Debug/system/stm32f1/src/stm32f1-stdperiph/stm32f10x_gpio.o
 *fill*         0x000000000800b3fe        0x2 
 .rodata.RCC_HSEConfig.str1.4
                0x000000000800b400       0x35 obj/Debug/system/stm32f1/src/stm32f1-stdperiph/stm32f10x_rcc.o
 *fill*         0x000000000800b435        0x3 
 .rodata.TIM_DeInit.str1.4
                0x000000000800b438       0x35 obj/Debug/system/stm32f1/src/stm32f1-stdperiph/stm32f10x_tim.o
 *fill*         0x000000000800b46d        0x3 
 .rodata.USART_DeInit.str1.4
                0x000000000800b470       0x37 obj/Debug/system/stm32f1/src/stm32f1-stdperiph/stm32f10x_usart.o
 *(vtable)
 *(.eh_frame*)
 *(.glue_7)
 .glue_7        0x000000000800b4a7        0x0 linker stubs
 *(.glue_7t)
 .glue_7t       0x000000000800b4a7        0x0 linker stubs

.vfp11_veneer   0x000000000800b4a8        0x0
 .vfp11_veneer  0x000000000800b4a8        0x0 linker stubs

.v4_bx          0x000000000800b4a8        0x0
 .v4_bx         0x000000000800b4a8        0x0 linker stubs

.iplt           0x000000000800b4a8        0x0
 .iplt          0x000000000800b4a8        0x0 obj/Debug/src/beremiz/app-di.o

.ARM.extab
 *(.ARM.extab* .gnu.linkonce.armextab.*)
                0x000000000800b4a8                . = ALIGN (0x4)
                0x000000000800b4a8                __exidx_start = .

.ARM.exidx      0x000000000800b4a8        0x8
 *(.ARM.exidx* .gnu.linkonce.armexidx.*)
 .ARM.exidx.text.__udivmoddi4
                0x000000000800b4a8        0x8 /opt/tools/bin/../lib/gcc/arm-none-eabi/10.3.1/thumb/v7-m/nofp/libgcc.a(_udivmoddi4.o)
                0x000000000800b4b0                __exidx_end = .

.rel.dyn        0x000000000800b4b0        0x0
 .rel.iplt      0x000000000800b4b0        0x0 obj/Debug/src/beremiz/app-di.o
                0x000000000800b4b0                . = ALIGN (0x4)
                0x000000000800b4b0                _etext = .
                0x000000000800b4b0                __etext = .

.data_CCMRAM    0x0000000000000000        0x0 load address 0x000000000800b4b0
 FILL mask 0xff
 *(.data.CCMRAM .data.CCMRAM.*)
                0x0000000000000000                . = ALIGN (0x4)
                0x000000000800b4b0                _sidata = LOADADDR (.data)

.data           0x0000000020000000       0x80 load address 0x000000000800b4b0
 FILL mask 0xff
                0x0000000020000000                _sdata = .
                0x0000000020000000                __data_start__ = .
 *(.data_begin .data_begin.*)
 .data_begin    0x0000000020000000        0x4 obj/Debug/system/stm32f1/src/newlib/_startup.o
 *(.data .data.*)
 .data.PLC_DI_PINS
                0x0000000020000004       0x20 obj/Debug/src/freertos/rtos-task-di.o
 .data.PLC_DO_PINS
                0x0000000020000024       0x20 obj/Debug/src/freertos/rtos-task-do.o
 .data.PLC_APP_STATE
                0x0000000020000044        0x1 obj/Debug/system/beremiz/src/plc_app.o
                0x0000000020000044                PLC_APP_STATE
 *fill*         0x0000000020000045        0x3 ff
 .data.uxCriticalNesting
                0x0000000020000048        0x4 obj/Debug/system/freertos/src/port.o
 .data.AHBPrescTable
                0x000000002000004c       0x10 obj/Debug/system/stm32f1/src/cmsis/system_stm32f10x.o
                0x000000002000004c                AHBPrescTable
 .data.SystemCoreClock
                0x000000002000005c        0x4 obj/Debug/system/stm32f1/src/cmsis/system_stm32f10x.o
                0x000000002000005c                SystemCoreClock
 .data.argv.1   0x0000000020000060        0x8 obj/Debug/system/stm32f1/src/newlib/_syscalls.o
 .data.ADCPrescTable
                0x0000000020000068        0x4 obj/Debug/system/stm32f1/src/stm32f1-stdperiph/stm32f10x_rcc.o
 .data.APBAHBPrescTable
                0x000000002000006c       0x10 obj/Debug/system/stm32f1/src/stm32f1-stdperiph/stm32f10x_rcc.o
 *(.data_end .data_end.*)
 .data_end      0x000000002000007c        0x4 obj/Debug/system/stm32f1/src/newlib/_startup.o
                0x0000000020000080                . = ALIGN (0x4)
                0x0000000020000080                _edata = .
                0x0000000020000080                __data_end__ = .

.igot.plt       0x0000000020000080        0x0 load address 0x000000000800b530
 .igot.plt      0x0000000020000080        0x0 obj/Debug/src/beremiz/app-di.o

.bss_CCMRAM     0x0000000000000000        0x0
 *(.bss.CCMRAM .bss.CCMRAM.*)

.bss            0x0000000020000080     0xb4ec
                0x0000000020000080                __bss_start__ = .
                0x0000000020000080                _sbss = .
 *(.bss_begin .bss_begin.*)
 .bss_begin     0x0000000020000080        0x4 obj/Debug/system/stm32f1/src/newlib/_startup.o
 *(.bss .bss.*)
 .bss.RTOS_ERR_FIXED
                0x0000000020000084        0x1 obj/Debug/src/freertos/rtos-error.o
 *fill*         0x0000000020000085        0x3 
 .bss.PLC_DI    0x0000000020000088       0x60 obj/Debug/src/freertos/rtos-task-di.o
 .bss.PLC_DI_TIM_TACH_STATUS
                0x00000000200000e8        0x1 obj/Debug/src/freertos/rtos-task-di.o
 *fill*         0x00000000200000e9        0x7 
 .bss.PLC_DO    0x00000000200000f0       0x80 obj/Debug/src/freertos/rtos-task-do.o
 .bss.PLC_DO_PWM
                0x0000000020000170       0x40 obj/Debug/src/freertos/rtos-task-do.o
 .bss.DEBUG_LOG_BUFF
                0x00000000200001b0       0x64 obj/Debug/src/freertos/rtos-task-log.o
 .bss.RTOS_TASK_LOG_STARTED
                0x0000000020000214        0x1 obj/Debug/src/freertos/rtos-task-log.o
                0x0000000020000214                RTOS_TASK_LOG_STARTED
 *fill*         0x0000000020000215        0x3 
 .bss.plc_sys_timer
                0x0000000020000218        0x8 obj/Debug/src/freertos/rtos-tim-app.o
                0x0000000020000218                plc_sys_timer
 .bss.RTOS_MTX_Di
                0x0000000020000220        0x4 obj/Debug/src/freertos/rtos.o
                0x0000000020000220                RTOS_MTX_Di
 .bss.RTOS_MTX_Log
                0x0000000020000224        0x4 obj/Debug/src/freertos/rtos.o
                0x0000000020000224                RTOS_MTX_Log
 .bss.RTOS_MTX_MbTables
                0x0000000020000228        0x4 obj/Debug/src/freertos/rtos.o
                0x0000000020000228                RTOS_MTX_MbTables
 .bss.RTOS_Q_DataDi
                0x000000002000022c        0x4 obj/Debug/src/freertos/rtos.o
                0x000000002000022c                RTOS_Q_DataDi
 .bss.RTOS_Q_DataDo
                0x0000000020000230        0x4 obj/Debug/src/freertos/rtos.o
                0x0000000020000230                RTOS_Q_DataDo
 .bss.RTOS_Q_DataRegMonitor
                0x0000000020000234        0x4 obj/Debug/src/freertos/rtos.o
                0x0000000020000234                RTOS_Q_DataRegMonitor
 .bss.RTOS_Q_DiIrq
                0x0000000020000238        0x4 obj/Debug/src/freertos/rtos.o
                0x0000000020000238                RTOS_Q_DiIrq
 .bss.RTOS_Q_DiSet
                0x000000002000023c        0x4 obj/Debug/src/freertos/rtos.o
                0x000000002000023c                RTOS_Q_DiSet
 .bss.RTOS_Q_DoSet
                0x0000000020000240        0x4 obj/Debug/src/freertos/rtos.o
                0x0000000020000240                RTOS_Q_DoSet
 .bss.RTOS_Q_Log
                0x0000000020000244        0x4 obj/Debug/src/freertos/rtos.o
                0x0000000020000244                RTOS_Q_Log
 .bss.RTOS_Q_MbRtuRx
                0x0000000020000248        0x4 obj/Debug/src/freertos/rtos.o
                0x0000000020000248                RTOS_Q_MbRtuRx
 .bss.RTOS_Q_MbRtuSet
                0x000000002000024c        0x4 obj/Debug/src/freertos/rtos.o
                0x000000002000024c                RTOS_Q_MbRtuSet
 .bss.RTOS_SEMA_App
                0x0000000020000250        0x4 obj/Debug/src/freertos/rtos.o
                0x0000000020000250                RTOS_SEMA_App
 .bss.RTOS_TIM_App
                0x0000000020000254        0x4 obj/Debug/src/freertos/rtos.o
                0x0000000020000254                RTOS_TIM_App
 .bss.RTOS_TIM_DiTach
                0x0000000020000258        0x4 obj/Debug/src/freertos/rtos.o
                0x0000000020000258                RTOS_TIM_DiTach
 .bss.MBRTU_COM
                0x000000002000025c      0x234 obj/Debug/src/mbrtu.o
                0x000000002000025c                MBRTU_COM
 .bss.PLC_SYS_STAT1
                0x0000000020000490        0x2 obj/Debug/src/reg-base.o
                0x0000000020000490                PLC_SYS_STAT1
 *fill*         0x0000000020000492        0x2 
 .bss.REGS      0x0000000020000494      0xb40 obj/Debug/src/reg-base.o
 .bss.REGS_DATA_BOOL
                0x0000000020000fd4       0x3c obj/Debug/src/reg-base.o
 .bss.REGS_DATA_NUMB
                0x0000000020001010       0x98 obj/Debug/src/reg-base.o
 .bss.PLC_DO_POSTPONED
                0x00000000200010a8        0x1 obj/Debug/src/stm32f1/do.o
                0x00000000200010a8                PLC_DO_POSTPONED
 .bss.PlcTim2Status
                0x00000000200010a9        0x1 obj/Debug/src/stm32f1/tim2.o
 .bss.usart_data
                0x00000000200010aa        0x1 obj/Debug/src/stm32f1/usart1.o
 *fill*         0x00000000200010ab        0x1 
 .bss.usart_rx_buf
                0x00000000200010ac       0x86 obj/Debug/src/stm32f1/usart1.o
 *fill*         0x0000000020001132        0x2 
 .bss.usart_tx_buf
                0x0000000020001134       0x86 obj/Debug/src/stm32f1/usart1.o
 *fill*         0x00000000200011ba        0x2 
 .bss.RTOS_Usart2ISR_TaskWoken
                0x00000000200011bc        0x4 obj/Debug/src/stm32f1/usart2.o
 .bss.strptr    0x00000000200011c0        0x4 obj/Debug/src/xprintf.o
 .bss.PLC_APP_CURR
                0x00000000200011c4        0x4 obj/Debug/system/beremiz/src/plc_app.o
                0x00000000200011c4                PLC_APP_CURR
 .bss.plc_dbg_ctrl
                0x00000000200011c8      0x230 obj/Debug/system/beremiz/src/plc_debug.o
                0x00000000200011c8                plc_dbg_ctrl
 .bss.pucAlignedHeap.0
                0x00000000200013f8        0x4 obj/Debug/system/freertos/src/heap_1.o
 .bss.ucHeap    0x00000000200013fc     0xa000 obj/Debug/system/freertos/src/heap_1.o
 .bss.xNextFreeByte
                0x000000002000b3fc        0x4 obj/Debug/system/freertos/src/heap_1.o
 .bss.pxCurrentTCB
                0x000000002000b400        0x4 obj/Debug/system/freertos/src/tasks.o
                0x000000002000b400                pxCurrentTCB
 .bss.pxDelayedTaskList
                0x000000002000b404        0x4 obj/Debug/system/freertos/src/tasks.o
 .bss.pxOverflowDelayedTaskList
                0x000000002000b408        0x4 obj/Debug/system/freertos/src/tasks.o
 .bss.pxReadyTasksLists
                0x000000002000b40c       0xa0 obj/Debug/system/freertos/src/tasks.o
 .bss.uxCurrentNumberOfTasks
                0x000000002000b4ac        0x4 obj/Debug/system/freertos/src/tasks.o
 .bss.uxSchedulerSuspended
                0x000000002000b4b0        0x4 obj/Debug/system/freertos/src/tasks.o
 .bss.uxTaskNumber
                0x000000002000b4b4        0x4 obj/Debug/system/freertos/src/tasks.o
 .bss.uxTopReadyPriority
                0x000000002000b4b8        0x4 obj/Debug/system/freertos/src/tasks.o
 .bss.xDelayedTaskList1
                0x000000002000b4bc       0x14 obj/Debug/system/freertos/src/tasks.o
 .bss.xDelayedTaskList2
                0x000000002000b4d0       0x14 obj/Debug/system/freertos/src/tasks.o
 .bss.xIdleTaskHandle
                0x000000002000b4e4        0x4 obj/Debug/system/freertos/src/tasks.o
 .bss.xNextTaskUnblockTime
                0x000000002000b4e8        0x4 obj/Debug/system/freertos/src/tasks.o
 .bss.xNumOfOverflows
                0x000000002000b4ec        0x4 obj/Debug/system/freertos/src/tasks.o
 .bss.xPendedTicks
                0x000000002000b4f0        0x4 obj/Debug/system/freertos/src/tasks.o
 .bss.xPendingReadyList
                0x000000002000b4f4       0x14 obj/Debug/system/freertos/src/tasks.o
 .bss.xSchedulerRunning
                0x000000002000b508        0x4 obj/Debug/system/freertos/src/tasks.o
 .bss.xSuspendedTaskList
                0x000000002000b50c       0x14 obj/Debug/system/freertos/src/tasks.o
 .bss.xTickCount
                0x000000002000b520        0x4 obj/Debug/system/freertos/src/tasks.o
 .bss.xYieldPending
                0x000000002000b524        0x4 obj/Debug/system/freertos/src/tasks.o
 .bss.pxCurrentTimerList
                0x000000002000b528        0x4 obj/Debug/system/freertos/src/timers.o
 .bss.pxOverflowTimerList
                0x000000002000b52c        0x4 obj/Debug/system/freertos/src/timers.o
 .bss.xActiveTimerList1
                0x000000002000b530       0x14 obj/Debug/system/freertos/src/timers.o
 .bss.xActiveTimerList2
                0x000000002000b544       0x14 obj/Debug/system/freertos/src/timers.o
 .bss.xLastTime.0
                0x000000002000b558        0x4 obj/Debug/system/freertos/src/timers.o
 .bss.xTimerQueue
                0x000000002000b55c        0x4 obj/Debug/system/freertos/src/timers.o
 .bss.xTimerTaskHandle
                0x000000002000b560        0x4 obj/Debug/system/freertos/src/timers.o
 .bss.name.0    0x000000002000b564        0x1 obj/Debug/system/stm32f1/src/newlib/_syscalls.o
 *(COMMON)
 *(.bss_end .bss_end.*)
 *fill*         0x000000002000b565        0x3 
 .bss_end       0x000000002000b568        0x4 obj/Debug/system/stm32f1/src/newlib/_startup.o
                0x000000002000b56c                . = ALIGN (0x4)
                0x000000002000b56c                __bss_end__ = .
                0x000000002000b56c                _ebss = .

.noinit_CCMRAM
 *(.noinit.CCMRAM .noinit.CCMRAM.*)

.noinit         0x000000002000b56c        0x0
                0x000000002000b56c                _noinit = .
 *(.noinit .noinit.*)
                0x000000002000b56c                . = ALIGN (0x4)
                0x000000002000b56c                _end_noinit = .
                [!provide]                        PROVIDE (end = _end_noinit)
                [!provide]                        PROVIDE (_end = _end_noinit)
                [!provide]                        PROVIDE (__end = _end_noinit)
                [!provide]                        PROVIDE (__end__ = _end_noinit)

._check_stack   0x000000002000b56c      0x100
                0x000000002000b66c                . = (. + _Minimum_Stack_Size)
 *fill*         0x000000002000b56c      0x100 

.b1text
 *(.b1text)
 *(.b1rodata)
 *(.b1rodata.*)

.eb0text
 *(.eb0text)
 *(.eb0rodata)
 *(.eb0rodata.*)

.eb1text
 *(.eb1text)
 *(.eb1rodata)
 *(.eb1rodata.*)

.eb2text
 *(.eb2text)
 *(.eb2rodata)
 *(.eb2rodata.*)

.eb3text
 *(.eb3text)
 *(.eb3rodata)
 *(.eb3rodata.*)

.stab
 *(.stab)

.stabstr
 *(.stabstr)

.stab.excl
 *(.stab.excl)

.stab.exclstr
 *(.stab.exclstr)

.stab.index
 *(.stab.index)

.stab.indexstr